HI-TECH Software C Compiler 

Linker command line:

--edf=C:\Program Files (x86)\HI-TECH Software\PICC\9.83\dat\en_msgs.txt -cs \
  -h+TI.sym -z -Q16F690 -ol.obj -MTI.map -E1 -ACONST=00h-0FFhx16 \
  -ACODE=00h-07FFhx2 -ASTRCODE=00h-0FFFh -AENTRY=00h-0FFhx16 \
  -ASTRING=00h-0FFhx16 -ABANK0=020h-06Fh -ABANK1=0A0h-0EFh \
  -ABANK2=0120h-016Fh -ARAM=020h-06Fh,0A0h-0EFh,0120h-016Fh \
  -AABS1=020h-07Fh,0A0h-0EFh,0120h-016Fh -ACOMMON=070h-07Fh -ASFR0=00h-01Fh \
  -ASFR1=080h-09Fh -ASFR2=0100h-011Fh -ASFR3=0180h-01EFh \
  -preset_vec=00h,intentry=04h,init,end_init -ppowerup=CODE -pfunctab=CODE \
  -ACONFIG=02007h-02007h -pconfig=CONFIG -DCONFIG=2 -AIDLOC=02000h-02003h \
  -pidloc=IDLOC -DIDLOC=2 -AEEDATA=00h-0FFh/02100h -peeprom_data=EEDATA \
  -DEEDATA=2 -DCODE=2 -DSTRCODE=2 -DSTRING=2 -DCONST=2 -DENTRY=2 -k \
  startup.obj TI.obj 

Object code version is 3.10

Machine type is 16F690



                Name                               Link     Load   Length Selector   Space Scale
startup.obj     end_init                             11       11        2        8       0
                reset_vec                             0        0        2        0       0
TI.obj          intentry                              4        4        D        8       0
                config                             2007     2007        1     400E       0
                text336                             620      620       26      A7E       0
                text335                             200      200      15A        8       0
                text334                             646      646       17      A7E       0
                text333                             5D0      5D0       29      A7E       0
                text332                             65D      65D       13      A7E       0
                text331                             67F      67F        A      A7E       0
                text330                             53F      53F       4C      A7E       0
                text329                             58B      58B       45      A7E       0
                text328                             689      689        8      A7E       0
                text327                             5F9      5F9       27      A7E       0
                maintext                             13       13      1ED        8       0
                cstackBANK0                          20       20       11       20       1
                cstackCOMMON                         70       70        8       70       1
                dataBANK0                            35       35        1       20       1
                bssBANK0                             31       31        4       20       1
                bssCOMMON                            79       79        3       70       1
                bitbssCOMMON                        3C0       78        3       70       1     8
                cinit                               670      670        F      A7E       0
                stringtext                          400      400      13F        8       0
                strings                             35A      35A       12      6B4       0
                idataBANK0                          691      691        1      A7E       0

TOTAL           Name                               Link     Load   Length     Space
        CLASS   CONST          

        CLASS   CODE           
                end_init                             11       11        2         0
                intentry                              4        4        D         0
                reset_vec                             0        0        2         0
                text336                             620      620       26         0
                text335                             200      200      15A         0
                text334                             646      646       17         0
                text333                             5D0      5D0       29         0
                text332                             65D      65D       13         0
                text331                             67F      67F        A         0
                text330                             53F      53F       4C         0
                text329                             58B      58B       45         0
                text328                             689      689        8         0
                text327                             5F9      5F9       27         0
                maintext                             13       13      1ED         0
                cinit                               670      670        F         0
                idataBANK0                          691      691        1         0

        CLASS   STRCODE        
                stringtext                          400      400      13F         0

        CLASS   ENTRY          

        CLASS   STRING         
                strings                             35A      35A       12         0

        CLASS   BANK0          
                cstackBANK0                          20       20       11         1
                dataBANK0                            35       35        1         1
                bssBANK0                             31       31        4         1

        CLASS   BANK1          

        CLASS   BANK2          

        CLASS   RAM            

        CLASS   ABS1           
                abs_s1                               7E       7E        2         1

        CLASS   COMMON         
                cstackCOMMON                         70       70        8         1
                bssCOMMON                            79       79        3         1
                bitbssCOMMON                        3C0       78        3         1

        CLASS   SFR0           

        CLASS   SFR1           

        CLASS   SFR2           

        CLASS   SFR3           

        CLASS   CONFIG         
                config                             2007     2007        1         0

        CLASS   IDLOC          

        CLASS   EEDATA         

        CLASS   BANK3          



SEGMENTS        Name                           Load    Length   Top    Selector   Space  Class     Delta

                reset_vec                      000000  000002  000002         0       0  CODE        2
                intentry                       000004  000356  00035A         8       0  CODE        2
                cstackBANK0                    000020  000016  000036        20       1  BANK0       1
                cstackCOMMON                   000070  00000C  00007C        70       1  COMMON      1
                strings                        00035A  000012  00036C       6B4       0  STRING      2
                stringtext                     000400  00013F  00053F         8       0  STRCODE     2
                text330                        00053F  000153  000692       A7E       0  CODE        2
                config                         002007  000001  002008      400E       0  CONFIG      2


UNUSED ADDRESS RANGES

        Name                Unused          Largest block    Delta
        BANK0            0036-006F             3A           1
        BANK1            00A0-00EF             50           1
        BANK2            0120-016F             50           1
        CODE             0002-0003              2           2
                         036C-03FF             94
                         0692-0FFF            16E
        COMMON           007C-007D              2           1
        CONST            0002-0003              2           2
                         036C-03FF             94
                         0692-0FFF            100
        EEDATA           2100-21FF            100           2
        ENTRY            0002-0003              2           2
                         036C-03FF             94
                         0692-0FFF            100
        IDLOC            2000-2003              4           2
        RAM              0036-006F             3A           1
                         00A0-00EF             50
                         0120-016F             50
        SFR0             0000-001F             20           1
        SFR1             0080-009F             20           1
        SFR2             0100-011F             20           1
        SFR3             0180-01EF             70           1
        STRCODE          0002-0003              2           2
                         036C-03FF             94
                         0692-0FFF            96E
        STRING           0002-0003              2           2
                         036C-03FF             94
                         0692-0FFF            100

                                  Symbol Table

??_lcd_clear          cstackBANK0  0023
??_lcd_goto           cstackBANK0  0023
??_lcd_init           cstackBANK0  0025
??_lcd_putc           cstackBANK0  0025
??_lcd_write          cstackBANK0  0020
??_main               cstackBANK0  002E
??_printf             cstackBANK0  0029
??_putch              cstackBANK0  0026
??_serial             cstackCOMMON 0072
??_serial_init        cstackBANK0  0020
??_sync               cstackCOMMON 0071
?_lcd_clear           cstackCOMMON 0070
?_lcd_goto            cstackCOMMON 0070
?_lcd_init            cstackCOMMON 0070
?_lcd_putc            cstackCOMMON 0070
?_lcd_write           cstackCOMMON 0070
?_main                cstackCOMMON 0070
?_printf              cstackBANK0  0027
?_putch               cstackCOMMON 0070
?_serial              cstackCOMMON 0070
?_serial_init         cstackCOMMON 0070
?_sync                cstackCOMMON 0070
_ANSEL                (abs)        011E
_ANSELH               (abs)        011F
_BRG16                (abs)        04DB
_BRGH                 (abs)        04C2
_CARRY                (abs)        0018
_CREN                 (abs)        00C4
_C_on                 bssCOMMON    0079
_EEADR                (abs)        010D
_EECON1               (abs)        018C
_EECON2               (abs)        018D
_EEDATA               (abs)        010C
_FERR                 (abs)        00C2
_GIE                  (abs)        005F
_INTE                 (abs)        005C
_INTEDG               (abs)        040E
_INTF                 (abs)        0059
_OERR                 (abs)        00C1
_PEIE                 (abs)        005E
_PORTC                (abs)        0007
_RA0                  (abs)        0028
_RA1                  (abs)        0029
_RA2                  (abs)        002A
_RA4                  (abs)        002C
_RA5                  (abs)        002D
_RCIE                 (abs)        0465
_RCIF                 (abs)        0065
_RCREG                (abs)        001A
_RD                   (abs)        0C60
_RX9                  (abs)        00C6
_SPBRG                (abs)        0099
_SPBRGH               (abs)        009A
_SPEN                 (abs)        00C7
_SYNC                 (abs)        04C4
_T1CKPS0              (abs)        0084
_T1CKPS1              (abs)        0085
_TMR1                 (abs)        000E
_TMR1CS               (abs)        0081
_TMR1IE               (abs)        0460
_TMR1IF               (abs)        0060
_TMR1ON               (abs)        0080
_TRISA                (abs)        0085
_TRISB                (abs)        0086
_TRISC                (abs)        0087
_TRMT                 (abs)        04C1
_TX9                  (abs)        04C6
_TXEN                 (abs)        04C5
_TXIE                 (abs)        0464
_TXREG                (abs)        0019
_WR                   (abs)        0C61
_WREN                 (abs)        0C62
__Habs1               abs1         0000
__Hbank0              bank0        0000
__Hbank1              bank1        0000
__Hbank2              bank2        0000
__Hbank3              bank3        0000
__HbitbssCOMMON       bitbssCOMMON 0000
__HbssBANK0           bssBANK0     0000
__HbssCOMMON          bssCOMMON    0000
__Hcinit              cinit        0000
__Hclrtext            clrtext      0000
__Hcode               code         0000
__Hcommon             common       0000
__Hconfig             config       2008
__HcstackBANK0        cstackBANK0  0000
__HcstackCOMMON       cstackCOMMON 0000
__HdataBANK0          dataBANK0    0000
__Heeprom_data        eeprom_data  0000
__Hend_init           end_init     0013
__Hfunctab            functab      0000
__HidataBANK0         idataBANK0   0000
__Hidloc              idloc        0000
__Hinit               init         0011
__Hintentry           intentry     0011
__Hmaintext           maintext     0000
__Hpowerup            powerup      0000
__Hram                ram          0000
__Hreset_vec          reset_vec    0002
__Hsfr0               sfr0         0000
__Hsfr1               sfr1         0000
__Hsfr2               sfr2         0000
__Hsfr3               sfr3         0000
__Hstrings            strings      0000
__Hstringtext         stringtext   0000
__Htext               text         0000
__Labs1               abs1         0000
__Lbank0              bank0        0000
__Lbank1              bank1        0000
__Lbank2              bank2        0000
__Lbank3              bank3        0000
__LbitbssCOMMON       bitbssCOMMON 0000
__LbssBANK0           bssBANK0     0000
__LbssCOMMON          bssCOMMON    0000
__Lcinit              cinit        0000
__Lclrtext            clrtext      0000
__Lcode               code         0000
__Lcommon             common       0000
__Lconfig             config       2007
__LcstackBANK0        cstackBANK0  0000
__LcstackCOMMON       cstackCOMMON 0000
__LdataBANK0          dataBANK0    0000
__Leeprom_data        eeprom_data  0000
__Lend_init           end_init     0011
__Lfunctab            functab      0000
__LidataBANK0         idataBANK0   0000
__Lidloc              idloc        0000
__Linit               init         0011
__Lintentry           intentry     0004
__Lmaintext           maintext     0000
__Lpowerup            powerup      0000
__Lram                ram          0000
__Lreset_vec          reset_vec    0000
__Lsfr0               sfr0         0000
__Lsfr1               sfr1         0000
__Lsfr2               sfr2         0000
__Lsfr3               sfr3         0000
__Lstrings            strings      0000
__Lstringtext         stringtext   0000
__Ltext               text         0000
__S0                  (abs)        2008
__S1                  (abs)        007C
__S2                  (abs)        0000
__end_of_lcd_clear    text332      0670
__end_of_lcd_goto     text331      0689
__end_of_lcd_init     text329      05D0
__end_of_lcd_putc     text330      058B
__end_of_lcd_write    text333      05F9
__end_of_main         maintext     0200
__end_of_printf       text327      0620
__end_of_putch        text328      0691
__end_of_serial       text335      035A
__end_of_serial_init  text334      065D
__end_of_sync         text336      0646
__pbitbssCOMMON       bitbssCOMMON 03C0
__pbssBANK0           bssBANK0     0031
__pbssCOMMON          bssCOMMON    0079
__pcstackBANK0        cstackBANK0  0020
__pcstackCOMMON       cstackCOMMON 0070
__pdataBANK0          dataBANK0    0035
__pidataBANK0         idataBANK0   0691
__pintentry           intentry     0004
__pmaintext           maintext     0013
__pstrings            strings      035A
__pstringtext         stringtext   0400
__ptext327            text327      05F9
__ptext328            text328      0689
__ptext329            text329      058B
__ptext330            text330      053F
__ptext331            text331      067F
__ptext332            text332      065D
__ptext333            text333      05D0
__ptext334            text334      0646
__ptext335            text335      0200
__ptext336            text336      0620
__ptext337            text337      0000
__size_of_lcd_clear   (abs)        0000
__size_of_lcd_goto    (abs)        0000
__size_of_lcd_init    (abs)        0000
__size_of_lcd_putc    (abs)        0000
__size_of_lcd_write   (abs)        0000
__size_of_main        (abs)        0000
__size_of_printf      (abs)        0000
__size_of_putch       (abs)        0000
__size_of_serial      (abs)        0000
__size_of_serial_init (abs)        0000
__size_of_sync        (abs)        0000
_conex                bitbssCOMMON 03C0
_dado_rx              bssCOMMON    007A
_exit                 init         0011
_flag                 bitbssCOMMON 03C1
_flagmin              bssBANK0     0031
_flagstat             bssBANK0     0032
_ini                  bssBANK0     0033
_lcd_clear            text332      065D
_lcd_goto             text331      067F
_lcd_init             text329      058B
_lcd_putc             text330      053F
_lcd_write            text333      05D0
_main                 maintext     0013
_minutos              bssBANK0     0034
_nT1SYNC              (abs)        0082
_printf               text327      05F9
_putch                text328      0689
_ready                bssCOMMON    007B
_seg                  bitbssCOMMON 03C2
_serial               text335      0200
_serial_init          text334      0646
_sync                 text336      0620
_wait                 dataBANK0    0035
btemp                 (abs)        007E
end_of_initialization cinit        067C
interrupt_function    intentry     0004
intlevel0             functab      0000
intlevel1             functab      0000
intlevel2             functab      0000
intlevel3             functab      0000
intlevel4             functab      0000
intlevel5             functab      0000
lcd_goto@pos          cstackBANK0  0023
lcd_init@init_value   cstackBANK0  0027
lcd_putc@c            cstackBANK0  0025
lcd_write@c           cstackBANK0  0022
printf@ap             cstackBANK0  002C
printf@c              cstackBANK0  002D
printf@f              cstackBANK0  0027
putch@c               cstackBANK0  0026
reset_vec             reset_vec    0000
saved_w               (abs)        007E
serial@lixo           cstackCOMMON 0077
start                 init         0011
start_initialization  cinit        0670
sync@data             cstackCOMMON 0070
sync@mode             cstackCOMMON 0071
wtemp0                (abs)        007E
