HI-TECH Software C Compiler 

Linker command line:

--edf=C:\Program Files (x86)\HI-TECH Software\PICC\9.83\dat\en_msgs.txt -cs \
  -h+Tarefa 1.sym -z -Q16F690 -ol.obj -MTarefa 1.map -E1 \
  -ACONST=00h-0FFhx16 -ACODE=00h-07FFhx2 -ASTRCODE=00h-0FFFh \
  -AENTRY=00h-0FFhx16 -ASTRING=00h-0FFhx16 -ABANK0=020h-06Fh \
  -ABANK1=0A0h-0EFh -ABANK2=0120h-016Fh \
  -ARAM=020h-06Fh,0A0h-0EFh,0120h-016Fh \
  -AABS1=020h-07Fh,0A0h-0EFh,0120h-016Fh -ACOMMON=070h-07Fh -ASFR0=00h-01Fh \
  -ASFR1=080h-09Fh -ASFR2=0100h-011Fh -ASFR3=0180h-01EFh \
  -preset_vec=00h,intentry=04h,init,end_init -ppowerup=CODE -pfunctab=CODE \
  -ACONFIG=02007h-02007h -pconfig=CONFIG -DCONFIG=2 -AIDLOC=02000h-02003h \
  -pidloc=IDLOC -DIDLOC=2 -AEEDATA=00h-0FFh/02100h -peeprom_data=EEDATA \
  -DEEDATA=2 -DCODE=2 -DSTRCODE=2 -DSTRING=2 -DCONST=2 -DENTRY=2 -k \
  startup.obj Tarefa 1.obj 

Object code version is 3.10

Machine type is 16F690



                Name                               Link     Load   Length Selector   Space Scale
startup.obj     end_init                              B        B        2        8       0
                reset_vec                             0        0        2        0       0
Tarefa 1.obj    intentry                              4        4        7        8       0
                config                             2007     2007        1     400E       0
                text547                             29A      29A       18      534       0
                text546                             2C6      2C6       14      534       0
                text545                             2E7      2E7        8      534       0
                text544                             2B2      2B2       14      534       0
                text538                             2DA      2DA        D      534       0
                text533                               D        D      1C7        8       0
                maintext                            1D4      1D4       7E        8       0
                cstackBANK0                          20       20       14       20       1
                cstackCOMMON                         70       70        A       70       1
                bssBANK0                             34       34        1       20       1
                bssCOMMON                            7B       7B        1       70       1
                bitbssCOMMON                        3D0       7A        4       70       1     8
                cinit                               2EF      2EF        6      534       0
                strings                             252      252       48      4A4       0

TOTAL           Name                               Link     Load   Length     Space
        CLASS   CONST          

        CLASS   CODE           
                end_init                              B        B        2         0
                intentry                              4        4        7         0
                reset_vec                             0        0        2         0
                text547                             29A      29A       18         0
                text546                             2C6      2C6       14         0
                text545                             2E7      2E7        8         0
                text544                             2B2      2B2       14         0
                text538                             2DA      2DA        D         0
                text533                               D        D      1C7         0
                maintext                            1D4      1D4       7E         0
                cinit                               2EF      2EF        6         0

        CLASS   STRCODE        

        CLASS   ENTRY          

        CLASS   STRING         
                strings                             252      252       48         0

        CLASS   BANK0          
                cstackBANK0                          20       20       14         1
                bssBANK0                             34       34        1         1

        CLASS   BANK1          

        CLASS   BANK2          

        CLASS   RAM            

        CLASS   ABS1           
                abs_s1                               7E       7E        2         1

        CLASS   COMMON         
                cstackCOMMON                         70       70        A         1
                bssCOMMON                            7B       7B        1         1
                bitbssCOMMON                        3D0       7A        4         1

        CLASS   SFR0           

        CLASS   SFR1           

        CLASS   SFR2           

        CLASS   SFR3           

        CLASS   CONFIG         
                config                             2007     2007        1         0

        CLASS   IDLOC          

        CLASS   EEDATA         

        CLASS   BANK3          



SEGMENTS        Name                           Load    Length   Top    Selector   Space  Class     Delta

                reset_vec                      000000  000002  000002         0       0  CODE        2
                intentry                       000004  00024E  000252         8       0  CODE        2
                cstackBANK0                    000020  000015  000035        20       1  BANK0       1
                cstackCOMMON                   000070  00000C  00007C        70       1  COMMON      1
                strings                        000252  000048  00029A       4A4       0  STRING      2
                text547                        00029A  00005B  0002F5       534       0  CODE        2
                config                         002007  000001  002008      400E       0  CONFIG      2


UNUSED ADDRESS RANGES

        Name                Unused          Largest block    Delta
        BANK0            0035-006F             3B           1
        BANK1            00A0-00EF             50           1
        BANK2            0120-016F             50           1
        CODE             0002-0003              2           2
                         02F5-0FFF            50B
        COMMON           007C-007D              2           1
        CONST            0002-0003              2           2
                         02F5-0FFF            100
        EEDATA           2100-21FF            100           2
        ENTRY            0002-0003              2           2
                         02F5-0FFF            100
        IDLOC            2000-2003              4           2
        RAM              0035-006F             3B           1
                         00A0-00EF             50
                         0120-016F             50
        SFR0             0000-001F             20           1
        SFR1             0080-009F             20           1
        SFR2             0100-011F             20           1
        SFR3             0180-01EF             70           1
        STRCODE          0002-0003              2           2
                         02F5-0FFF            D0B
        STRING           0002-0003              2           2
                         02F5-0FFF            100

                                  Symbol Table

??_Clear              cstackCOMMON 0074
??_Enable             cstackCOMMON 0072
??_Write              cstackCOMMON 0072
??___bmul             cstackCOMMON 0073
??___lwdiv            cstackCOMMON 0076
??___lwmod            cstackCOMMON 0079
??_interrupts         cstackCOMMON 0070
??_isdigit            cstackCOMMON 0072
??_lcd_goto           cstackCOMMON 0074
??_lcd_init           cstackCOMMON 0076
??_lcd_putc           cstackCOMMON 0076
??_main               cstackBANK0  0031
??_printf             cstackBANK0  0026
??_putch              cstackCOMMON 0077
??_read               cstackCOMMON 0072
??_send               cstackCOMMON 0072
??_serial_init        cstackCOMMON 0072
??_write              cstackCOMMON 0073
?_Clear               cstackCOMMON 0070
?_Enable              cstackCOMMON 0070
?_Write               cstackCOMMON 0070
?___bmul              cstackCOMMON 0072
?___lwdiv             cstackCOMMON 0072
?___lwmod             cstackBANK0  0020
?_interrupts          cstackCOMMON 0070
?_isdigit             cstackCOMMON 0070
?_lcd_goto            cstackCOMMON 0070
?_lcd_init            cstackCOMMON 0070
?_lcd_putc            cstackCOMMON 0070
?_main                cstackCOMMON 0070
?_printf              cstackBANK0  0024
?_putch               cstackCOMMON 0070
?_read                cstackCOMMON 0070
?_send                cstackCOMMON 0070
?_serial_init         cstackCOMMON 0070
?_write               cstackCOMMON 0072
Write@c               cstackCOMMON 0073
_ANSEL                (abs)        011E
_ANSELH               (abs)        011F
_BRG16                (abs)        04DB
_BRGH                 (abs)        04C2
_CREN                 (abs)        00C4
_Clear                text533      01BA
_EEADR                (abs)        010D
_EECON2               (abs)        018D
_EEDAT                (abs)        010C
_EEPGD                (abs)        0C67
_Enable               text533      01B4
_FERR                 (abs)        00C2
_GIE                  (abs)        005F
_INTCON               (abs)        000B
_INTEDG               (abs)        040E
_IOCA0                (abs)        04B0
_IOCA1                (abs)        04B1
_OERR                 (abs)        00C1
_PEIE                 (abs)        005E
_PORTA                (abs)        0005
_PORTB                (abs)        0006
_PORTC                (abs)        0007
_RC6                  (abs)        003E
_RC7                  (abs)        003F
_RCIE                 (abs)        0465
_RCIF                 (abs)        0065
_RCREG                (abs)        001A
_RD                   (abs)        0C60
_RX9                  (abs)        00C6
_SPBRG                (abs)        0099
_SPBRGH               (abs)        009A
_SPEN                 (abs)        00C7
_SYNC                 (abs)        04C4
_TRISA                (abs)        0085
_TRISB                (abs)        0086
_TRISC                (abs)        0087
_TRMT                 (abs)        04C1
_TX9                  (abs)        04C6
_TXEN                 (abs)        04C5
_TXIE                 (abs)        0464
_TXREG                (abs)        0019
_WR                   (abs)        0C61
_WREN                 (abs)        0C62
_Write                text533      019E
__Habs1               abs1         0000
__Hbank0              bank0        0000
__Hbank1              bank1        0000
__Hbank2              bank2        0000
__Hbank3              bank3        0000
__HbitbssCOMMON       bitbssCOMMON 0000
__HbssBANK0           bssBANK0     0000
__HbssCOMMON          bssCOMMON    0000
__Hcinit              cinit        0000
__Hclrtext            clrtext      0000
__Hcode               code         0000
__Hcommon             common       0000
__Hconfig             config       2008
__HcstackBANK0        cstackBANK0  0000
__HcstackCOMMON       cstackCOMMON 0000
__Heeprom_data        eeprom_data  0000
__Hend_init           end_init     000D
__Hfunctab            functab      0000
__Hidloc              idloc        0000
__Hinit               init         000B
__Hintentry           intentry     000B
__Hmaintext           maintext     0000
__Hpa_nodes           pa_nodes     0000
__Hpowerup            powerup      0000
__Hram                ram          0000
__Hreset_vec          reset_vec    0002
__Hsfr0               sfr0         0000
__Hsfr1               sfr1         0000
__Hsfr2               sfr2         0000
__Hsfr3               sfr3         0000
__Hstrings            strings      0000
__Htext               text         0000
__Labs1               abs1         0000
__Lbank0              bank0        0000
__Lbank1              bank1        0000
__Lbank2              bank2        0000
__Lbank3              bank3        0000
__LbitbssCOMMON       bitbssCOMMON 0000
__LbssBANK0           bssBANK0     0000
__LbssCOMMON          bssCOMMON    0000
__Lcinit              cinit        0000
__Lclrtext            clrtext      0000
__Lcode               code         0000
__Lcommon             common       0000
__Lconfig             config       2007
__LcstackBANK0        cstackBANK0  0000
__LcstackCOMMON       cstackCOMMON 0000
__Leeprom_data        eeprom_data  0000
__Lend_init           end_init     000B
__Lfunctab            functab      0000
__Lidloc              idloc        0000
__Linit               init         000B
__Lintentry           intentry     0004
__Lmaintext           maintext     0000
__Lpa_nodes           pa_nodes     0000
__Lpowerup            powerup      0000
__Lram                ram          0000
__Lreset_vec          reset_vec    0000
__Lsfr0               sfr0         0000
__Lsfr1               sfr1         0000
__Lsfr2               sfr2         0000
__Lsfr3               sfr3         0000
__Lstrings            strings      0000
__Ltext               text         0000
__S0                  (abs)        2008
__S1                  (abs)        007C
__S2                  (abs)        0000
___bmul               text533      0112
___bmul@multiplicand  cstackCOMMON 0072
___bmul@multiplier    cstackCOMMON 0074
___bmul@product       cstackCOMMON 0073
___lwdiv              text533      0120
___lwdiv@counter      cstackCOMMON 0078
___lwdiv@dividend     cstackCOMMON 0074
___lwdiv@divisor      cstackCOMMON 0072
___lwdiv@quotient     cstackCOMMON 0076
___lwmod              text533      014A
___lwmod@counter      cstackCOMMON 0079
___lwmod@dividend     cstackBANK0  0022
___lwmod@divisor      cstackBANK0  0020
__end_of_Clear        text533      01CA
__end_of_Enable       text533      01BA
__end_of_Write        text533      01B4
__end_of___bmul       text533      0120
__end_of___lwdiv      text533      014A
__end_of___lwmod      text533      016E
__end_of_interrupts   text547      02B2
__end_of_isdigit      text533      0112
__end_of_lcd_goto     text533      01CE
__end_of_lcd_init     text533      0041
__end_of_lcd_putc     text533      019E
__end_of_main         maintext     0252
__end_of_printf       text533      0102
__end_of_putch        text533      0104
__end_of_read         text538      02E7
__end_of_send         text545      02EF
__end_of_serial_init  text544      02C6
__end_of_write        text546      02DA
__pbitbssCOMMON       bitbssCOMMON 03D0
__pbssBANK0           bssBANK0     0034
__pbssCOMMON          bssCOMMON    007B
__pcstackBANK0        cstackBANK0  0020
__pcstackCOMMON       cstackCOMMON 0070
__pintentry           intentry     0004
__pmaintext           maintext     01D4
__pstrings            strings      0252
__ptext531            text533      0041
__ptext532            text533      0102
__ptext533            text533      000D
__ptext534            text533      016E
__ptext535            text533      01CA
__ptext536            text533      01BA
__ptext537            text533      019E
__ptext538            text538      02DA
__ptext539            text533      01B4
__ptext540            text533      014A
__ptext541            text533      0120
__ptext542            text533      0112
__ptext543            text533      0104
__ptext544            text544      02B2
__ptext545            text545      02E7
__ptext546            text546      02C6
__ptext547            text547      029A
__ptext548            text548      0000
__size_of_Clear       (abs)        0000
__size_of_Enable      (abs)        0000
__size_of_Write       (abs)        0000
__size_of___bmul      (abs)        0000
__size_of___lwdiv     (abs)        0000
__size_of___lwmod     (abs)        0000
__size_of_interrupts  (abs)        0000
__size_of_isdigit     (abs)        0000
__size_of_lcd_goto    (abs)        0000
__size_of_lcd_init    (abs)        0000
__size_of_lcd_putc    (abs)        0000
__size_of_main        (abs)        0000
__size_of_printf      (abs)        0000
__size_of_putch       (abs)        0000
__size_of_read        (abs)        0000
__size_of_send        (abs)        0000
__size_of_serial_init (abs)        0000
__size_of_write       (abs)        0000
_aux                  bitbssCOMMON 03D0
_buffer               bssBANK0     0034
_dado_rx              bssCOMMON    007B
_dpowers              strings      0258
_exit                 init         000B
_flag                 bitbssCOMMON 03D1
_gravar               bitbssCOMMON 03D2
_interrupts           text547      029A
_isdigit              text533      0104
_isdigit$2098         cstackCOMMON 0072
_lcd_goto             text533      01CA
_lcd_init             text533      000D
_lcd_putc             text533      016E
_ler                  bitbssCOMMON 03D3
_main                 maintext     01D4
_printf               text533      0041
_putch                text533      0102
_read                 text538      02DA
_send                 text545      02E7
_serial_init          text544      02B2
_write                text546      02C6
btemp                 (abs)        007E
end_of_initialization cinit        02F2
i1l2307                                
i1l2317                                
interrupt_function    intentry     0004
intlevel0             functab      0000
intlevel1             functab      0000
intlevel2             functab      0000
intlevel3             functab      0000
intlevel4             functab      0000
intlevel5             functab      0000
isdigit@c             cstackCOMMON 0073
l1876                                  
l1882                                  
l1898                                  
l1908                                  
l2649                                  
l2651                                  
l2653                                  
l2655                                  
l2657                                  
l2659                                  
l2661                                  
l2663                                  
l2665                                  
l2667                                  
l2669                                  
l2671                                  
l2673                                  
l2675                                  
l2677                                  
l2679                                  
l2681                                  
l2683                                  
l2685                                  
l2687                                  
l2689                                  
l2699                                  
l2707                                  
l2709                                  
l2715                                  
l2717                                  
l2727                                  
l2731                                  
l2735                                  
l2741                                  
l2755                                  
l2761                                  
l2763                                  
l2765                                  
l2767                                  
l2769                                  
l2773                                  
l2775                                  
l2777                                  
l2779                                  
l2781                                  
l2783                                  
l2787                                  
l2789                                  
l2791                                  
l2793                                  
l2795                                  
l2801                                  
l2803                                  
l2805                                  
l2807                                  
l2809                                  
l2811                                  
l2817                                  
l2819                                  
l2821                                  
l2823                                  
l2825                                  
l2827                                  
l2829                                  
l2831                                  
l2833                                  
l2835                                  
l2837                                  
l2839                                  
l2841                                  
l2843                                  
l2845                                  
l2847                                  
l2849                                  
l2993                                  
l3001                                  
l3005                                  
l3009                                  
l3021                                  
l3023                                  
l3027                                  
l3047                                  
l3051                                  
l3067                                  
l3069                                  
l3071                                  
l3073                                  
l3075                                  
l3077                                  
l3079                                  
l3081                                  
l3083                                  
l3085                                  
l3087                                  
l3095                                  
l3097                                  
l3099                                  
l3105                                  
l3109                                  
l3111                                  
l3113                                  
l3115                                  
l3117                                  
l3119                                  
l909                                   
l912                                   
l915                                   
l935                                   
l938                                   
l941                                   
l944                                   
l947                                   
l953                                   
l964                                   
lcd_goto@pos          cstackCOMMON 0074
lcd_putc@c            cstackCOMMON 0076
printf@_val           cstackBANK0  002A
printf@ap             cstackBANK0  0028
printf@c              cstackBANK0  0030
printf@f              cstackBANK0  002E
printf@flag           cstackBANK0  0029
printf@prec           cstackBANK0  002F
putch@c               cstackCOMMON 0077
read@adress           cstackCOMMON 0072
reset_vec             reset_vec    0000
saved_w               (abs)        007E
send@c                cstackCOMMON 0072
start                 init         000B
start_initialization  cinit        02EF
write@adress          cstackCOMMON 0072
write@data            cstackCOMMON 0073
wtemp0                (abs)        007E
