HI-TECH Software C Compiler 

Linker command line:

--edf=C:\Program Files (x86)\HI-TECH Software\PICC\9.83\dat\en_msgs.txt -cs \
  -h+ADC.sym -z -Q16F690 -ol.obj -MADC.map -E1 -ACONST=00h-0FFhx16 \
  -ACODE=00h-07FFhx2 -ASTRCODE=00h-0FFFh -AENTRY=00h-0FFhx16 \
  -ASTRING=00h-0FFhx16 -ABANK0=020h-06Fh -ABANK1=0A0h-0EFh \
  -ABANK2=0120h-016Fh -ARAM=020h-06Fh,0A0h-0EFh,0120h-016Fh \
  -AABS1=020h-07Fh,0A0h-0EFh,0120h-016Fh -ACOMMON=070h-07Fh -ASFR0=00h-01Fh \
  -ASFR1=080h-09Fh -ASFR2=0100h-011Fh -ASFR3=0180h-01EFh \
  -preset_vec=00h,intentry=04h,init,end_init -ppowerup=CODE -pfunctab=CODE \
  -ACONFIG=02007h-02007h -pconfig=CONFIG -DCONFIG=2 -AIDLOC=02000h-02003h \
  -pidloc=IDLOC -DIDLOC=2 -AEEDATA=00h-0FFh/02100h -peeprom_data=EEDATA \
  -DEEDATA=2 -DCODE=2 -DSTRCODE=2 -DSTRING=2 -DCONST=2 -DENTRY=2 -k \
  startup.obj ADC.obj 

Object code version is 3.10

Machine type is 16F690



                Name                               Link     Load   Length Selector   Space Scale
startup.obj     end_init                              B        B        2        8       0
                reset_vec                             0        0        2        0       0
ADC.obj         intentry                              4        4        7        8       0
                config                             2007     2007        1     400E       0
                text513                             32C      32C       14      658       0
                text512                             34F      34F        C      658       0
                text507                             27C      27C       45        8       0
                text506                             2C1      2C1       3D        8       0
                text504                             340      340        F      658       0
                text499                               D        D      1C5        8       0
                maintext                            1D2      1D2       AA        8       0
                cstackBANK0                          20       20       18       20       1
                cstackCOMMON                         70       70        A       70       1
                bssBANK0                             38       38        5       20       1
                bitbssCOMMON                        3D0       7A        1       70       1     8
                cinit                               35B      35B        9      658       0
                strings                             300      300       2C      600       0

TOTAL           Name                               Link     Load   Length     Space
        CLASS   CONST          

        CLASS   CODE           
                end_init                              B        B        2         0
                intentry                              4        4        7         0
                reset_vec                             0        0        2         0
                text513                             32C      32C       14         0
                text512                             34F      34F        C         0
                text507                             27C      27C       45         0
                text506                             2C1      2C1       3D         0
                text504                             340      340        F         0
                text499                               D        D      1C5         0
                maintext                            1D2      1D2       AA         0
                cinit                               35B      35B        9         0

        CLASS   STRCODE        

        CLASS   ENTRY          

        CLASS   STRING         
                strings                             300      300       2C         0

        CLASS   BANK0          
                cstackBANK0                          20       20       18         1
                bssBANK0                             38       38        5         1

        CLASS   BANK1          

        CLASS   BANK2          

        CLASS   RAM            

        CLASS   ABS1           
                abs_s1                               7E       7E        2         1

        CLASS   COMMON         
                cstackCOMMON                         70       70        A         1
                bitbssCOMMON                        3D0       7A        1         1

        CLASS   SFR0           

        CLASS   SFR1           

        CLASS   SFR2           

        CLASS   SFR3           

        CLASS   CONFIG         
                config                             2007     2007        1         0

        CLASS   IDLOC          

        CLASS   EEDATA         

        CLASS   BANK3          



SEGMENTS        Name                           Load    Length   Top    Selector   Space  Class     Delta

                reset_vec                      000000  000002  000002         0       0  CODE        2
                intentry                       000004  0002FA  0002FE         8       0  CODE        2
                cstackBANK0                    000020  00001D  00003D        20       1  BANK0       1
                cstackCOMMON                   000070  00000B  00007B        70       1  COMMON      1
                strings                        000300  00002C  00032C       600       0  STRING      2
                text513                        00032C  000038  000364       658       0  CODE        2
                config                         002007  000001  002008      400E       0  CONFIG      2


UNUSED ADDRESS RANGES

        Name                Unused          Largest block    Delta
        BANK0            003D-006F             33           1
        BANK1            00A0-00EF             50           1
        BANK2            0120-016F             50           1
        CODE             0002-0003              2           2
                         02FE-02FF              2
                         0364-0FFF            49C
        COMMON           007B-007D              3           1
        CONST            0002-0003              2           2
                         02FE-02FF              2
                         0364-0FFF            100
        EEDATA           2100-21FF            100           2
        ENTRY            0002-0003              2           2
                         02FE-02FF              2
                         0364-0FFF            100
        IDLOC            2000-2003              4           2
        RAM              003D-006F             33           1
                         00A0-00EF             50
                         0120-016F             50
        SFR0             0000-001F             20           1
        SFR1             0080-009F             20           1
        SFR2             0100-011F             20           1
        SFR3             0180-01EF             70           1
        STRCODE          0002-0003              2           2
                         02FE-02FF              2
                         0364-0FFF            C9C
        STRING           0002-0003              2           2
                         02FE-02FF              2
                         0364-0FFF            100

                                  Symbol Table

??_Clear              cstackCOMMON 0074
??_Enable             cstackCOMMON 0072
??_T1_init            cstackCOMMON 0072
??_Write              cstackCOMMON 0072
??___awdiv            cstackCOMMON 0076
??___awmod            cstackCOMMON 0076
??___bmul             cstackCOMMON 0073
??___lwdiv            cstackCOMMON 0076
??___lwmod            cstackCOMMON 0079
??_adc_init           cstackCOMMON 0072
??_interrupts         cstackCOMMON 0070
??_isdigit            cstackCOMMON 0072
??_lcd_goto           cstackCOMMON 0074
??_lcd_init           cstackCOMMON 0076
??_lcd_putc           cstackCOMMON 0076
??_main               cstackBANK0  0033
??_printf             cstackBANK0  0028
??_putch              cstackCOMMON 0077
?_Clear               cstackCOMMON 0070
?_Enable              cstackCOMMON 0070
?_T1_init             cstackCOMMON 0070
?_Write               cstackCOMMON 0070
?___awdiv             cstackCOMMON 0072
?___awmod             cstackCOMMON 0072
?___bmul              cstackCOMMON 0072
?___lwdiv             cstackCOMMON 0072
?___lwmod             cstackBANK0  0020
?_adc_init            cstackCOMMON 0070
?_interrupts          cstackCOMMON 0070
?_isdigit             cstackCOMMON 0070
?_lcd_goto            cstackCOMMON 0070
?_lcd_init            cstackCOMMON 0070
?_lcd_putc            cstackCOMMON 0070
?_main                cstackCOMMON 0070
?_printf              cstackBANK0  0024
?_putch               cstackCOMMON 0070
Write@c               cstackCOMMON 0073
_ADCON0               (abs)        001F
_ADCON1               (abs)        009F
_ADIE                 (abs)        0466
_ADIF                 (abs)        0066
_ADRESH               (abs)        001E
_ADRESL               (abs)        009E
_ANSEL                (abs)        011E
_ANSELH               (abs)        011F
_Clear                text499      01B8
_Enable               text499      01B2
_GO                   (abs)        00F9
_INTCON               (abs)        000B
_PORTA                (abs)        0005
_PORTB                (abs)        0006
_PORTC                (abs)        0007
_RC6                  (abs)        003E
_RC7                  (abs)        003F
_T1CON                (abs)        0010
_T1_init              text512      034F
_TMR1                 (abs)        000E
_TMR1IE               (abs)        0460
_TMR1IF               (abs)        0060
_TMR1ON               (abs)        0080
_TRISA                (abs)        0085
_TRISB                (abs)        0086
_TRISC                (abs)        0087
_Temperatura          bssBANK0     0038
_Voltimetro           bssBANK0     003A
_Write                text499      019C
__Habs1               abs1         0000
__Hbank0              bank0        0000
__Hbank1              bank1        0000
__Hbank2              bank2        0000
__Hbank3              bank3        0000
__HbitbssCOMMON       bitbssCOMMON 0000
__HbssBANK0           bssBANK0     0000
__Hcinit              cinit        0000
__Hclrtext            clrtext      0000
__Hcode               code         0000
__Hcommon             common       0000
__Hconfig             config       2008
__HcstackBANK0        cstackBANK0  0000
__HcstackCOMMON       cstackCOMMON 0000
__Heeprom_data        eeprom_data  0000
__Hend_init           end_init     000D
__Hfunctab            functab      0000
__Hidloc              idloc        0000
__Hinit               init         000B
__Hintentry           intentry     000B
__Hmaintext           maintext     0000
__Hpa_nodes           pa_nodes     0000
__Hpowerup            powerup      0000
__Hram                ram          0000
__Hreset_vec          reset_vec    0002
__Hsfr0               sfr0         0000
__Hsfr1               sfr1         0000
__Hsfr2               sfr2         0000
__Hsfr3               sfr3         0000
__Hstrings            strings      0000
__Htext               text         0000
__Labs1               abs1         0000
__Lbank0              bank0        0000
__Lbank1              bank1        0000
__Lbank2              bank2        0000
__Lbank3              bank3        0000
__LbitbssCOMMON       bitbssCOMMON 0000
__LbssBANK0           bssBANK0     0000
__Lcinit              cinit        0000
__Lclrtext            clrtext      0000
__Lcode               code         0000
__Lcommon             common       0000
__Lconfig             config       2007
__LcstackBANK0        cstackBANK0  0000
__LcstackCOMMON       cstackCOMMON 0000
__Leeprom_data        eeprom_data  0000
__Lend_init           end_init     000B
__Lfunctab            functab      0000
__Lidloc              idloc        0000
__Linit               init         000B
__Lintentry           intentry     0004
__Lmaintext           maintext     0000
__Lpa_nodes           pa_nodes     0000
__Lpowerup            powerup      0000
__Lram                ram          0000
__Lreset_vec          reset_vec    0000
__Lsfr0               sfr0         0000
__Lsfr1               sfr1         0000
__Lsfr2               sfr2         0000
__Lsfr3               sfr3         0000
__Lstrings            strings      0000
__Ltext               text         0000
__S0                  (abs)        2008
__S1                  (abs)        007B
__S2                  (abs)        0000
___awdiv              text507      027C
___awdiv@counter      cstackCOMMON 0076
___awdiv@dividend     cstackCOMMON 0074
___awdiv@divisor      cstackCOMMON 0072
___awdiv@quotient     cstackCOMMON 0078
___awdiv@sign         cstackCOMMON 0077
___awmod              text506      02C1
___awmod@counter      cstackCOMMON 0076
___awmod@dividend     cstackCOMMON 0074
___awmod@divisor      cstackCOMMON 0072
___awmod@sign         cstackCOMMON 0077
___bmul               text499      0110
___bmul@multiplicand  cstackCOMMON 0072
___bmul@multiplier    cstackCOMMON 0074
___bmul@product       cstackCOMMON 0073
___lwdiv              text499      011E
___lwdiv@counter      cstackCOMMON 0078
___lwdiv@dividend     cstackCOMMON 0074
___lwdiv@divisor      cstackCOMMON 0072
___lwdiv@quotient     cstackCOMMON 0076
___lwmod              text499      0148
___lwmod@counter      cstackCOMMON 0079
___lwmod@dividend     cstackBANK0  0022
___lwmod@divisor      cstackBANK0  0020
__end_of_Clear        text499      01C8
__end_of_Enable       text499      01B8
__end_of_T1_init      text512      035B
__end_of_Write        text499      01B2
__end_of___awdiv      text507      02C1
__end_of___awmod      text506      02FE
__end_of___bmul       text499      011E
__end_of___lwdiv      text499      0148
__end_of___lwmod      text499      016C
__end_of_adc_init     text504      034F
__end_of_interrupts   text513      0340
__end_of_isdigit      text499      0110
__end_of_lcd_goto     text499      01CC
__end_of_lcd_init     text499      0041
__end_of_lcd_putc     text499      019C
__end_of_main         maintext     027C
__end_of_printf       text499      0100
__end_of_putch        text499      0102
__pbitbssCOMMON       bitbssCOMMON 03D0
__pbssBANK0           bssBANK0     0038
__pcstackBANK0        cstackBANK0  0020
__pcstackCOMMON       cstackCOMMON 0070
__pintentry           intentry     0004
__pmaintext           maintext     01D2
__pstrings            strings      0300
__ptext497            text499      0041
__ptext498            text499      0100
__ptext499            text499      000D
__ptext500            text499      016C
__ptext501            text499      01C8
__ptext502            text499      01B8
__ptext503            text499      019C
__ptext504            text504      0340
__ptext505            text499      01B2
__ptext506            text506      02C1
__ptext507            text507      027C
__ptext508            text499      0148
__ptext509            text499      011E
__ptext510            text499      0110
__ptext511            text499      0102
__ptext512            text512      034F
__ptext513            text513      032C
__ptext514            text514      0000
__size_of_Clear       (abs)        0000
__size_of_Enable      (abs)        0000
__size_of_T1_init     (abs)        0000
__size_of_Write       (abs)        0000
__size_of___awdiv     (abs)        0000
__size_of___awmod     (abs)        0000
__size_of___bmul      (abs)        0000
__size_of___lwdiv     (abs)        0000
__size_of___lwmod     (abs)        0000
__size_of_adc_init    (abs)        0000
__size_of_interrupts  (abs)        0000
__size_of_isdigit     (abs)        0000
__size_of_lcd_goto    (abs)        0000
__size_of_lcd_init    (abs)        0000
__size_of_lcd_putc    (abs)        0000
__size_of_main        (abs)        0000
__size_of_printf      (abs)        0000
__size_of_putch       (abs)        0000
_adc_init             text504      0340
_cont                 bssBANK0     003C
_dpowers              strings      0306
_exit                 init         000B
_interrupts           text513      032C
_isdigit              text499      0102
_isdigit$2081         cstackCOMMON 0072
_lcd_goto             text499      01C8
_lcd_init             text499      000D
_lcd_putc             text499      016C
_main                 maintext     01D2
_printf               text499      0041
_putch                text499      0100
_set                  bitbssCOMMON 03D0
btemp                 (abs)        007E
end_of_initialization cinit        0361
i1l2308                                
i1l2314                                
interrupt_function    intentry     0004
intlevel0             functab      0000
intlevel1             functab      0000
intlevel2             functab      0000
intlevel3             functab      0000
intlevel4             functab      0000
intlevel5             functab      0000
isdigit@c             cstackCOMMON 0073
l1851                                  
l1857                                  
l1873                                  
l1883                                  
l2010                                  
l2078                                  
l2702                                  
l2704                                  
l2706                                  
l2708                                  
l2710                                  
l2712                                  
l2722                                  
l2730                                  
l2732                                  
l2738                                  
l2740                                  
l2750                                  
l2754                                  
l2758                                  
l2764                                  
l2778                                  
l2784                                  
l2786                                  
l2790                                  
l2796                                  
l2800                                  
l2810                                  
l2814                                  
l2818                                  
l2822                                  
l2828                                  
l2830                                  
l2834                                  
l2854                                  
l2858                                  
l2864                                  
l2866                                  
l2868                                  
l2870                                  
l2872                                  
l2874                                  
l2876                                  
l2878                                  
l2880                                  
l2882                                  
l2884                                  
l2888                                  
l2890                                  
l2892                                  
l2894                                  
l2896                                  
l2902                                  
l2904                                  
l2906                                  
l2908                                  
l2910                                  
l2912                                  
l2918                                  
l2920                                  
l2922                                  
l2924                                  
l2926                                  
l2928                                  
l2930                                  
l2932                                  
l2934                                  
l2936                                  
l2938                                  
l2940                                  
l2942                                  
l2944                                  
l2946                                  
l2948                                  
l2950                                  
l3088                                  
l3096                                  
l3100                                  
l3104                                  
l3116                                  
l3118                                  
l3122                                  
l3142                                  
l3146                                  
l3162                                  
l3164                                  
l3166                                  
l3168                                  
l3170                                  
l3172                                  
l3174                                  
l3176                                  
l3182                                  
l3184                                  
l3186                                  
l3192                                  
l3194                                  
l3196                                  
l3198                                  
l3202                                  
l3204                                  
l3206                                  
l3208                                  
l3210                                  
l901                                   
l904                                   
l907                                   
l927                                   
l930                                   
l933                                   
l941                                   
l944                                   
lcd_goto@pos          cstackCOMMON 0074
lcd_putc@c            cstackCOMMON 0076
printf@_val           cstackBANK0  002C
printf@ap             cstackBANK0  002A
printf@c              cstackBANK0  0032
printf@f              cstackBANK0  0030
printf@flag           cstackBANK0  002B
printf@prec           cstackBANK0  0031
putch@c               cstackCOMMON 0077
reset_vec             reset_vec    0000
saved_w               (abs)        007E
start                 init         000B
start_initialization  cinit        035B
wtemp0                (abs)        007E
