

HI-TECH Software PIC LITE Macro Assembler V9.83 build 10920 
                                                                                               Tue Nov 17 17:41:39 2015

HI-TECH Software Omniscient Code Generator (Lite mode) build 10920
     1  0000                     opt subtitle "HI-TECH Software Omniscient Code Generator (Lite mode) build 10920"
     2                           
     3                           opt pagewidth 120
     4                           
     5                           	opt lm
     6                           
     7                           	processor	16F690
     8                           clrc	macro
     9                           	bcf	3,0
    10  0000                     	endm
    11                           clrz	macro
    12                           	bcf	3,2
    13  0000                     	endm
    14                           setc	macro
    15                           	bsf	3,0
    16  0000                     	endm
    17                           setz	macro
    18                           	bsf	3,2
    19  0000                     	endm
    20                           skipc	macro
    21                           	btfss	3,0
    22  0000                     	endm
    23                           skipz	macro
    24                           	btfss	3,2
    25  0000                     	endm
    26                           skipnc	macro
    27                           	btfsc	3,0
    28  0000                     	endm
    29                           skipnz	macro
    30                           	btfsc	3,2
    31  0000                     	endm
    32  0000                     indf	equ	0
    33  0000                     indf0	equ	0
    34  0002                     pc	equ	2
    35  0002                     pcl	equ	2
    36  0003                     status	equ	3
    37  0004                     fsr	equ	4
    38  0004                     fsr0	equ	4
    39  0001                     c	equ	1
    40  0000                     z	equ	0
    41  000A                     pclath	equ	10
    42                           # 3 "D:\Dropbox\TC - 2015\Pesquisas\PIC\8 - Dispositivo 2\Dispositivo_2.c"
    43                           	psect config,class=CONFIG,delta=2 ;#
    44                           # 3 "D:\Dropbox\TC - 2015\Pesquisas\PIC\8 - Dispositivo 2\Dispositivo_2.c"
    45  2007  FFE4               	dw 0xFFFC & 0xFFF7 & 0xFFEF & 0xFFFF ;#
    46                           	FNCALL	_main,_T1_init
    47                           	FNROOT	_main
    48                           	FNCALL	intlevel1,_interrupts
    49                           	global	intlevel1
    50                           	FNROOT	intlevel1
    51                           	global	_cont
    52                           	global	_enviar
    53                           	global	_flag
    54                           	global	_bt_flag
    55                           	global	_recebeu
    56                           	global	_testa
    57                           	global	_TMR1
    58                           psect	text82,local,class=CODE,delta=2
    59                           global __ptext82
    60  0000                     __ptext82:
    61  000E                     _TMR1	set	14
    62                           	global	_INTCON
    63  000B                     _INTCON	set	11
    64                           	global	_PORTA
    65  0005                     _PORTA	set	5
    66                           	global	_PORTB
    67  0006                     _PORTB	set	6
    68                           	global	_PORTC
    69  0007                     _PORTC	set	7
    70                           	global	_T1CON
    71  0010                     _T1CON	set	16
    72                           	global	_CARRY
    73  0018                     _CARRY	set	24
    74                           	global	_GIE
    75  005F                     _GIE	set	95
    76                           	global	_INTF
    77  0059                     _INTF	set	89
    78                           	global	_RA0
    79  0028                     _RA0	set	40
    80                           	global	_RA4
    81  002C                     _RA4	set	44
    82                           	global	_TMR1IF
    83  0060                     _TMR1IF	set	96
    84                           	global	_TMR1ON
    85  0080                     _TMR1ON	set	128
    86                           	global	_OSCCON
    87  008F                     _OSCCON	set	143
    88                           	global	_TRISA
    89  0085                     _TRISA	set	133
    90                           	global	_TRISB
    91  0086                     _TRISB	set	134
    92                           	global	_TRISC
    93  0087                     _TRISC	set	135
    94                           	global	_INTEDG
    95  040E                     _INTEDG	set	1038
    96                           	global	_TMR1IE
    97  0460                     _TMR1IE	set	1120
    98                           	global	_ANSEL
    99  011E                     _ANSEL	set	286
   100                           	global	_ANSELH
   101  011F                     _ANSELH	set	287
   102                           	global	_EEADR
   103  010D                     _EEADR	set	269
   104                           	global	_EEDATA
   105  010C                     _EEDATA	set	268
   106                           	global	_EECON1
   107  018C                     _EECON1	set	396
   108                           	global	_EECON2
   109  018D                     _EECON2	set	397
   110                           	global	_RD
   111  0C60                     _RD	set	3168
   112                           	global	_WR
   113  0C61                     _WR	set	3169
   114                           	global	_WREN
   115  0C62                     _WREN	set	3170
   116                           	file	"Dispositivo_2.as"
   117                           	line	#
   118                           psect cinit,class=CODE,delta=2
   119                           global start_initialization
   120  0094                     start_initialization:
   121                           
   122                           psect	bitbssCOMMON,class=COMMON,bit,space=1
   123                           global __pbitbssCOMMON
   124  03B0                     __pbitbssCOMMON:
   125  03B0                     _bt_flag:
   126  03B0                            ds      1
   127                           
   128  03B1                     _recebeu:
   129  03B1                            ds      1
   130                           
   131  03B2                     _testa:
   132  03B2                            ds      1
   133                           
   134                           psect	bssCOMMON,class=COMMON,space=1
   135                           global __pbssCOMMON
   136  0077                     __pbssCOMMON:
   137  0077                     _cont:
   138  0077                            ds      1
   139                           
   140  0078                     _enviar:
   141  0078                            ds      1
   142                           
   143  0079                     _flag:
   144  0079                            ds      1
   145                           
   146                           ; Clear objects allocated to BITCOMMON
   147                           psect cinit,class=CODE,delta=2
   148  0094  01F6               	clrf	((__pbitbssCOMMON/8)+0)&07Fh
   149                           ; Clear objects allocated to COMMON
   150                           psect cinit,class=CODE,delta=2
   151  0095  01F7               	clrf	((__pbssCOMMON)+0)&07Fh
   152  0096  01F8               	clrf	((__pbssCOMMON)+1)&07Fh
   153  0097  01F9               	clrf	((__pbssCOMMON)+2)&07Fh
   154                           psect cinit,class=CODE,delta=2
   155                           global end_of_initialization
   156                           
   157                           ;End of C runtime variable initialization code
   158                           
   159  0098                     end_of_initialization:
   160  0098  0183               clrf status
   161  0099  118A  2813         ljmp _main	;jump to C main() function
   162                           psect	cstackCOMMON,class=COMMON,space=1
   163                           global __pcstackCOMMON
   164  0070                     __pcstackCOMMON:
   165                           	global	?_interrupts
   166  0070                     ?_interrupts:	; 0 bytes @ 0x0
   167                           	global	??_interrupts
   168  0070                     ??_interrupts:	; 0 bytes @ 0x0
   169                           	global	?_T1_init
   170  0070                     ?_T1_init:	; 0 bytes @ 0x0
   171                           	global	?_main
   172  0070                     ?_main:	; 0 bytes @ 0x0
   173  0070                     	ds	4
   174                           	global	??_T1_init
   175  0074                     ??_T1_init:	; 0 bytes @ 0x4
   176                           	global	??_main
   177  0074                     ??_main:	; 0 bytes @ 0x4
   178  0074                     	ds	2
   179 ;;Data sizes: Strings 0, constant 0, data 0, bss 3, persistent 0 stack 0
   180 ;;Auto spaces:   Size  Autos    Used
   181 ;; COMMON          14      6      10
   182 ;; BANK0           80      0       0
   183 ;; BANK1           80      0       0
   184 ;; BANK2           80      0       0
   185                           
   186 ;;
   187 ;; Pointer list with targets:
   188                           
   189                           
   190                           
   191 ;;
   192 ;; Critical Paths under _main in COMMON
   193 ;;
   194 ;;   None.
   195 ;;
   196 ;; Critical Paths under _interrupts in COMMON
   197 ;;
   198 ;;   None.
   199 ;;
   200 ;; Critical Paths under _main in BANK0
   201 ;;
   202 ;;   None.
   203 ;;
   204 ;; Critical Paths under _interrupts in BANK0
   205 ;;
   206 ;;   None.
   207 ;;
   208 ;; Critical Paths under _main in BANK1
   209 ;;
   210 ;;   None.
   211 ;;
   212 ;; Critical Paths under _interrupts in BANK1
   213 ;;
   214 ;;   None.
   215 ;;
   216 ;; Critical Paths under _main in BANK2
   217 ;;
   218 ;;   None.
   219 ;;
   220 ;; Critical Paths under _interrupts in BANK2
   221 ;;
   222 ;;   None.
   223                           
   224 ;;
   225 ;;Main: autosize = 0, tempsize = 2, incstack = 0, save=0
   226 ;;
   227                           
   228 ;;
   229 ;;Call Graph Tables:
   230 ;;
   231 ;; ---------------------------------------------------------------------------------
   232 ;; (Depth) Function   	        Calls       Base Space   Used Autos Params    Refs
   233 ;; ---------------------------------------------------------------------------------
   234 ;; (0) _main                                                 2     2      0       0
   235 ;;                                              4 COMMON     2     2      0
   236 ;;                            _T1_init
   237 ;; ---------------------------------------------------------------------------------
   238 ;; (1) _T1_init                                              0     0      0       0
   239 ;; ---------------------------------------------------------------------------------
   240 ;; Estimated maximum stack depth 1
   241 ;; ---------------------------------------------------------------------------------
   242 ;; (Depth) Function   	        Calls       Base Space   Used Autos Params    Refs
   243 ;; ---------------------------------------------------------------------------------
   244 ;; (2) _interrupts                                           4     4      0       0
   245 ;;                                              0 COMMON     4     4      0
   246 ;; ---------------------------------------------------------------------------------
   247 ;; Estimated maximum stack depth 2
   248 ;; ---------------------------------------------------------------------------------
   249                           
   250 ;; Call Graph Graphs:
   251                           
   252 ;; _main (ROOT)
   253 ;;   _T1_init
   254 ;;
   255 ;; _interrupts (ROOT)
   256 ;;
   257                           
   258 ;; Address spaces:
   259                           
   260 ;;Name               Size   Autos  Total    Cost      Usage
   261 ;;BITCOMMON            E      0       1       0        7.1%
   262 ;;EEDATA             100      0       0       0        0.0%
   263 ;;NULL                 0      0       0       0        0.0%
   264 ;;CODE                 0      0       0       0        0.0%
   265 ;;COMMON               E      6       A       1       71.4%
   266 ;;BITSFR0              0      0       0       1        0.0%
   267 ;;SFR0                 0      0       0       1        0.0%
   268 ;;BITSFR1              0      0       0       2        0.0%
   269 ;;SFR1                 0      0       0       2        0.0%
   270 ;;STACK                0      0       1       2        0.0%
   271 ;;BANK0               50      0       0       3        0.0%
   272 ;;BITBANK1            50      0       0       4        0.0%
   273 ;;BITSFR3              0      0       0       4        0.0%
   274 ;;SFR3                 0      0       0       4        0.0%
   275 ;;BANK1               50      0       0       5        0.0%
   276 ;;BITSFR2              0      0       0       5        0.0%
   277 ;;SFR2                 0      0       0       5        0.0%
   278 ;;BITBANK2            50      0       0       6        0.0%
   279 ;;BANK2               50      0       0       7        0.0%
   280 ;;ABS                  0      0       A       8        0.0%
   281 ;;BITBANK0            50      0       0       9        0.0%
   282 ;;DATA                 0      0       B      10        0.0%
   283                           
   284                           	global	_main
   285                           psect	maintext,global,class=CODE,delta=2
   286                           global __pmaintext
   287  0013                     __pmaintext:
   288                           
   289 ;; *************** function _main *****************
   290 ;; Defined at:
   291 ;;		line 54 in file "D:\Dropbox\TC - 2015\Pesquisas\PIC\8 - Dispositivo 2\Dispositivo_2.c"
   292 ;; Parameters:    Size  Location     Type
   293 ;;		None
   294 ;; Auto vars:     Size  Location     Type
   295 ;;		None
   296 ;; Return value:  Size  Location     Type
   297 ;;		None               void
   298 ;; Registers used:
   299 ;;		wreg, status,2, status,0, pclath, cstack
   300 ;; Tracked objects:
   301 ;;		On entry : 17F/0
   302 ;;		On exit  : 0/0
   303 ;;		Unchanged: 0/0
   304 ;; Data sizes:     COMMON   BANK0   BANK1   BANK2
   305 ;;      Params:         0       0       0       0
   306 ;;      Locals:         0       0       0       0
   307 ;;      Temps:          2       0       0       0
   308 ;;      Totals:         2       0       0       0
   309 ;;Total ram usage:        2 bytes
   310 ;; Hardware stack levels required when called:    2
   311 ;; This function calls:
   312 ;;		_T1_init
   313 ;; This function is called by:
   314 ;;		Startup code after reset
   315 ;; This function uses a non-reentrant model
   316 ;;
   317                           psect	maintext
   318                           	file	"D:\Dropbox\TC - 2015\Pesquisas\PIC\8 - Dispositivo 2\Dispositivo_2.c"
   319                           	line	54
   320                           	global	__size_of_main
   321  003A                     	__size_of_main	equ	__end_of_main-_main
   322                           	
   323  0013                     _main:	
   324                           	opt	stack 6
   325                           ; Regs used in _main: [wreg+status,2+status,0+pclath+cstack]
   326                           	line	55
   327                           	
   328  0013                     l3029:	
   329                           ;Dispositivo_2.c: 55: OSCCON=0b01110000;
   330  0013  3070               	movlw	(070h)
   331  0014  1683               	bsf	status, 5	;RP0=1, select bank1
   332  0015  1303               	bcf	status, 6	;RP1=0, select bank1
   333  0016  008F               	movwf	(143)^080h	;volatile
   334                           	line	56
   335                           	
   336  0017                     l3031:	
   337                           ;Dispositivo_2.c: 56: ANSEL=0;
   338  0017  1283               	bcf	status, 5	;RP0=0, select bank2
   339  0018  1703               	bsf	status, 6	;RP1=1, select bank2
   340  0019  019E               	clrf	(286)^0100h	;volatile
   341                           	line	57
   342                           	
   343  001A                     l3033:	
   344                           ;Dispositivo_2.c: 57: ANSELH=0;
   345  001A  019F               	clrf	(287)^0100h	;volatile
   346                           	line	58
   347                           ;Dispositivo_2.c: 58: TRISA=0b00000101;
   348  001B  3005               	movlw	(05h)
   349  001C  1683               	bsf	status, 5	;RP0=1, select bank1
   350  001D  1303               	bcf	status, 6	;RP1=0, select bank1
   351  001E  0085               	movwf	(133)^080h	;volatile
   352                           	line	59
   353                           	
   354  001F                     l3035:	
   355                           ;Dispositivo_2.c: 59: TRISB=0;
   356  001F  0186               	clrf	(134)^080h	;volatile
   357                           	line	60
   358                           	
   359  0020                     l3037:	
   360                           ;Dispositivo_2.c: 60: TRISC=0;
   361  0020  0187               	clrf	(135)^080h	;volatile
   362                           	line	61
   363                           	
   364  0021                     l3039:	
   365                           ;Dispositivo_2.c: 61: PORTA=PORTB=PORTC=0;
   366  0021  1283               	bcf	status, 5	;RP0=0, select bank0
   367  0022  1303               	bcf	status, 6	;RP1=0, select bank0
   368  0023  0187               	clrf	(7)	;volatile
   369  0024  0186               	clrf	(6)	;volatile
   370  0025  0185               	clrf	(5)	;volatile
   371                           	line	62
   372                           	
   373  0026                     l3041:	
   374                           ;Dispositivo_2.c: 62: INTCON=0b11010000;
   375  0026  30D0               	movlw	(0D0h)
   376  0027  008B               	movwf	(11)	;volatile
   377                           	line	63
   378                           	
   379  0028                     l3043:	
   380                           ;Dispositivo_2.c: 63: INTEDG=0;
   381  0028  1683               	bsf	status, 5	;RP0=1, select bank1
   382  0029  1303               	bcf	status, 6	;RP1=0, select bank1
   383  002A  1301               	bcf	(1038/8)^080h,(1038)&7
   384                           	line	64
   385                           	
   386  002B                     l3045:	
   387                           ;Dispositivo_2.c: 64: T1_init();
   388  002B  118A  2085  118A   	fcall	_T1_init
   389                           	line	65
   390                           	
   391  002E                     l3047:	
   392                           ;Dispositivo_2.c: 65: _delay((unsigned long)((5)*(8000000/4000.0)));
   393                           	opt asmopt_off
   394  002E  300D               movlw	13
   395  002F  00F5               movwf	((??_main+0)+0+1),f
   396  0030  30FB               	movlw	251
   397  0031  00F4               movwf	((??_main+0)+0),f
   398  0032                     u2307:
   399  0032  0BF4               	decfsz	((??_main+0)+0),f
   400  0033  2832               	goto	u2307
   401  0034  0BF5               	decfsz	((??_main+0)+0+1),f
   402  0035  2832               	goto	u2307
   403  0036  2837               	nop2
   404                           opt asmopt_on
   405                           
   406  0037  2838               	goto	l3049
   407                           	line	67
   408                           ;Dispositivo_2.c: 67: while(1){
   409                           	
   410  0038                     l913:	
   411                           	line	68
   412                           	
   413  0038                     l3049:	
   414                           ;Dispositivo_2.c: 68: if(testa){
   415  0038  1D76               	btfss	(_testa/8),(_testa)&7
   416  0039  283B               	goto	u2281
   417  003A  283C               	goto	u2280
   418  003B                     u2281:
   419  003B  2838               	goto	l3049
   420  003C                     u2280:
   421                           	line	69
   422                           	
   423  003C                     l3051:	
   424                           ;Dispositivo_2.c: 69: if(RA0){
   425  003C  1283               	bcf	status, 5	;RP0=0, select bank0
   426  003D  1303               	bcf	status, 6	;RP1=0, select bank0
   427  003E  1C05               	btfss	(40/8),(40)&7
   428  003F  2841               	goto	u2291
   429  0040  2842               	goto	u2290
   430  0041                     u2291:
   431  0041  2838               	goto	l3049
   432  0042                     u2290:
   433                           	line	70
   434                           	
   435  0042                     l3053:	
   436                           ;Dispositivo_2.c: 70: cont++;
   437  0042  3001               	movlw	(01h)
   438  0043  00F4               	movwf	(??_main+0)+0
   439  0044  0874               	movf	(??_main+0)+0,w
   440  0045  07F7               	addwf	(_cont),f
   441                           	line	71
   442                           	
   443  0046                     l3055:	
   444                           ;Dispositivo_2.c: 71: testa=0;
   445  0046  1176               	bcf	(_testa/8),(_testa)&7
   446  0047  2838               	goto	l3049
   447                           	line	72
   448                           	
   449  0048                     l915:	
   450  0048  2838               	goto	l3049
   451                           	line	73
   452                           	
   453  0049                     l914:	
   454  0049  2838               	goto	l3049
   455                           	line	74
   456                           	
   457  004A                     l916:	
   458                           	line	67
   459  004A  2838               	goto	l3049
   460                           	
   461  004B                     l917:	
   462                           	line	75
   463                           	
   464  004B                     l918:	
   465                           	global	start
   466  004B  118A  2811         	ljmp	start
   467                           	opt stack 0
   468                           GLOBAL	__end_of_main
   469  004D                     	__end_of_main:
   470 ;; =============== function _main ends ============
   471                           
   472                           	signat	_main,88
   473                           	global	_T1_init
   474                           psect	text83,local,class=CODE,delta=2
   475                           global __ptext83
   476  0085                     __ptext83:
   477                           
   478 ;; *************** function _T1_init *****************
   479 ;; Defined at:
   480 ;;		line 47 in file "D:\Dropbox\TC - 2015\Pesquisas\PIC\8 - Dispositivo 2\Dispositivo_2.c"
   481 ;; Parameters:    Size  Location     Type
   482 ;;		None
   483 ;; Auto vars:     Size  Location     Type
   484 ;;		None
   485 ;; Return value:  Size  Location     Type
   486 ;;		None               void
   487 ;; Registers used:
   488 ;;		wreg
   489 ;; Tracked objects:
   490 ;;		On entry : 0/0
   491 ;;		On exit  : 0/0
   492 ;;		Unchanged: 0/0
   493 ;; Data sizes:     COMMON   BANK0   BANK1   BANK2
   494 ;;      Params:         0       0       0       0
   495 ;;      Locals:         0       0       0       0
   496 ;;      Temps:          0       0       0       0
   497 ;;      Totals:         0       0       0       0
   498 ;;Total ram usage:        0 bytes
   499 ;; Hardware stack levels used:    1
   500 ;; Hardware stack levels required when called:    1
   501 ;; This function calls:
   502 ;;		Nothing
   503 ;; This function is called by:
   504 ;;		_main
   505 ;; This function uses a non-reentrant model
   506 ;;
   507                           psect	text83
   508                           	file	"D:\Dropbox\TC - 2015\Pesquisas\PIC\8 - Dispositivo 2\Dispositivo_2.c"
   509                           	line	47
   510                           	global	__size_of_T1_init
   511  000F                     	__size_of_T1_init	equ	__end_of_T1_init-_T1_init
   512                           	
   513  0085                     _T1_init:	
   514                           	opt	stack 6
   515                           ; Regs used in _T1_init: [wreg]
   516                           	line	48
   517                           	
   518  0085                     l2165:	
   519                           ;Dispositivo_2.c: 48: T1CON=0b00110100;
   520  0085  3034               	movlw	(034h)
   521  0086  1283               	bcf	status, 5	;RP0=0, select bank0
   522  0087  1303               	bcf	status, 6	;RP1=0, select bank0
   523  0088  0090               	movwf	(16)	;volatile
   524                           	line	49
   525                           	
   526  0089                     l2167:	
   527                           ;Dispositivo_2.c: 49: TMR1IF=0;
   528  0089  100C               	bcf	(96/8),(96)&7
   529                           	line	50
   530                           	
   531  008A                     l2169:	
   532                           ;Dispositivo_2.c: 50: TMR1IE=1;
   533  008A  1683               	bsf	status, 5	;RP0=1, select bank1
   534  008B  1303               	bcf	status, 6	;RP1=0, select bank1
   535  008C  140C               	bsf	(1120/8)^080h,(1120)&7
   536                           	line	51
   537                           ;Dispositivo_2.c: 51: TMR1=37536;
   538  008D  30A0               	movlw	low(092A0h)
   539  008E  1283               	bcf	status, 5	;RP0=0, select bank0
   540  008F  1303               	bcf	status, 6	;RP1=0, select bank0
   541  0090  008E               	movwf	(14)	;volatile
   542  0091  3092               	movlw	high(092A0h)
   543  0092  008F               	movwf	((14))+1	;volatile
   544                           	line	52
   545                           	
   546  0093                     l910:	
   547  0093  0008               	return
   548                           	opt stack 0
   549                           GLOBAL	__end_of_T1_init
   550  0094                     	__end_of_T1_init:
   551 ;; =============== function _T1_init ends ============
   552                           
   553                           	signat	_T1_init,88
   554                           	global	_interrupts
   555                           psect	text84,local,class=CODE,delta=2
   556                           global __ptext84
   557  004D                     __ptext84:
   558                           
   559 ;; *************** function _interrupts *****************
   560 ;; Defined at:
   561 ;;		line 21 in file "D:\Dropbox\TC - 2015\Pesquisas\PIC\8 - Dispositivo 2\Dispositivo_2.c"
   562 ;; Parameters:    Size  Location     Type
   563 ;;		None
   564 ;; Auto vars:     Size  Location     Type
   565 ;;		None
   566 ;; Return value:  Size  Location     Type
   567 ;;		None               void
   568 ;; Registers used:
   569 ;;		wreg
   570 ;; Tracked objects:
   571 ;;		On entry : 0/0
   572 ;;		On exit  : 0/0
   573 ;;		Unchanged: 0/0
   574 ;; Data sizes:     COMMON   BANK0   BANK1   BANK2
   575 ;;      Params:         0       0       0       0
   576 ;;      Locals:         0       0       0       0
   577 ;;      Temps:          4       0       0       0
   578 ;;      Totals:         4       0       0       0
   579 ;;Total ram usage:        4 bytes
   580 ;; Hardware stack levels used:    1
   581 ;; This function calls:
   582 ;;		Nothing
   583 ;; This function is called by:
   584 ;;		Interrupt level 1
   585 ;; This function uses a non-reentrant model
   586 ;;
   587                           psect	text84
   588                           	file	"D:\Dropbox\TC - 2015\Pesquisas\PIC\8 - Dispositivo 2\Dispositivo_2.c"
   589                           	line	21
   590                           	global	__size_of_interrupts
   591  0038                     	__size_of_interrupts	equ	__end_of_interrupts-_interrupts
   592                           	
   593  004D                     _interrupts:	
   594                           	opt	stack 6
   595                           ; Regs used in _interrupts: [wreg]
   596                           psect	intentry,class=CODE,delta=2
   597                           global __pintentry
   598  0004                     __pintentry:
   599                           global interrupt_function
   600  0004                     interrupt_function:
   601                           	global saved_w
   602  007E                     	saved_w	set	btemp+0
   603  0004  00FE               	movwf	saved_w
   604  0005  0E03               	swapf	status,w
   605  0006  00F0               	movwf	(??_interrupts+0)
   606  0007  0804               	movf	fsr0,w
   607  0008  00F1               	movwf	(??_interrupts+1)
   608  0009  080A               	movf	pclath,w
   609  000A  00F2               	movwf	(??_interrupts+2)
   610  000B  1283               	bcf	status, 5	;RP0=0, select bank0
   611  000C  1303               	bcf	status, 6	;RP1=0, select bank0
   612  000D  087F               	movf	btemp+1,w
   613  000E  00F3               	movwf	(??_interrupts+3)
   614  000F  118A  284D         	ljmp	_interrupts
   615                           psect	text84
   616                           	line	22
   617                           	
   618  004D                     i1l2141:	
   619                           ;Dispositivo_2.c: 22: if(INTF){
   620  004D  1C8B               	btfss	(89/8),(89)&7
   621  004E  2850               	goto	u1_21
   622  004F  2851               	goto	u1_20
   623  0050                     u1_21:
   624  0050  2859               	goto	i1l901
   625  0051                     u1_20:
   626                           	line	23
   627                           	
   628  0051                     i1l2143:	
   629                           ;Dispositivo_2.c: 23: testa=1;
   630  0051  1576               	bsf	(_testa/8),(_testa)&7
   631                           	line	24
   632                           	
   633  0052                     i1l2145:	
   634                           ;Dispositivo_2.c: 24: if(cont){
   635  0052  0877               	movf	(_cont),w
   636  0053  1D03               	skipz
   637  0054  2856               	goto	u2_20
   638  0055  2857               	goto	i1l902
   639  0056                     u2_20:
   640                           	line	25
   641                           	
   642  0056                     i1l2147:	
   643                           ;Dispositivo_2.c: 25: recebeu=1;
   644  0056  14F6               	bsf	(_recebeu/8),(_recebeu)&7
   645                           	line	26
   646                           	
   647  0057                     i1l902:	
   648                           	line	27
   649                           ;Dispositivo_2.c: 26: }
   650                           ;Dispositivo_2.c: 27: TMR1ON=1;
   651  0057  1410               	bsf	(128/8),(128)&7
   652                           	line	28
   653                           ;Dispositivo_2.c: 28: INTF=0;
   654  0058  108B               	bcf	(89/8),(89)&7
   655                           	line	29
   656                           	
   657  0059                     i1l901:	
   658                           	line	30
   659                           ;Dispositivo_2.c: 29: }
   660                           ;Dispositivo_2.c: 30: if(TMR1IF){
   661  0059  1C0C               	btfss	(96/8),(96)&7
   662  005A  285C               	goto	u3_21
   663  005B  285D               	goto	u3_20
   664  005C                     u3_21:
   665  005C  287A               	goto	i1l907
   666  005D                     u3_20:
   667                           	line	31
   668                           	
   669  005D                     i1l2149:	
   670                           ;Dispositivo_2.c: 31: if(recebeu){
   671  005D  1CF6               	btfss	(_recebeu/8),(_recebeu)&7
   672  005E  2860               	goto	u4_21
   673  005F  2861               	goto	u4_20
   674  0060                     u4_21:
   675  0060  2873               	goto	i1l2159
   676  0061                     u4_20:
   677                           	line	32
   678                           	
   679  0061                     i1l2151:	
   680                           ;Dispositivo_2.c: 32: if(cont==1){
   681  0061  0877               	movf	(_cont),w
   682  0062  3A01               	xorlw	01h
   683  0063  1D03               	skipz
   684  0064  2866               	goto	u5_21
   685  0065  2867               	goto	u5_20
   686  0066                     u5_21:
   687  0066  2869               	goto	i1l2155
   688  0067                     u5_20:
   689                           	line	33
   690                           	
   691  0067                     i1l2153:	
   692                           ;Dispositivo_2.c: 33: RA4=1;
   693  0067  1605               	bsf	(44/8),(44)&7
   694  0068  2869               	goto	i1l2155
   695                           	line	34
   696                           	
   697  0069                     i1l905:	
   698                           	line	35
   699                           	
   700  0069                     i1l2155:	
   701                           ;Dispositivo_2.c: 34: }
   702                           ;Dispositivo_2.c: 35: if(cont==2){
   703  0069  0877               	movf	(_cont),w
   704  006A  3A02               	xorlw	02h
   705  006B  1D03               	skipz
   706  006C  286E               	goto	u6_21
   707  006D  286F               	goto	u6_20
   708  006E                     u6_21:
   709  006E  2870               	goto	i1l906
   710  006F                     u6_20:
   711                           	line	36
   712                           	
   713  006F                     i1l2157:	
   714                           ;Dispositivo_2.c: 36: RA4=0;
   715  006F  1205               	bcf	(44/8),(44)&7
   716                           	line	37
   717                           	
   718  0070                     i1l906:	
   719                           	line	38
   720                           ;Dispositivo_2.c: 37: }
   721                           ;Dispositivo_2.c: 38: cont=0;
   722  0070  01F7               	clrf	(_cont)
   723                           	line	39
   724                           ;Dispositivo_2.c: 39: recebeu=0;
   725  0071  10F6               	bcf	(_recebeu/8),(_recebeu)&7
   726  0072  2873               	goto	i1l2159
   727                           	line	40
   728                           	
   729  0073                     i1l904:	
   730                           	line	41
   731                           	
   732  0073                     i1l2159:	
   733                           ;Dispositivo_2.c: 40: }
   734                           ;Dispositivo_2.c: 41: TMR1=62536;
   735  0073  3048               	movlw	low(0F448h)
   736  0074  008E               	movwf	(14)	;volatile
   737  0075  30F4               	movlw	high(0F448h)
   738  0076  008F               	movwf	((14))+1	;volatile
   739                           	line	42
   740                           	
   741  0077                     i1l2161:	
   742                           ;Dispositivo_2.c: 42: TMR1ON=0;
   743  0077  1010               	bcf	(128/8),(128)&7
   744                           	line	43
   745                           	
   746  0078                     i1l2163:	
   747                           ;Dispositivo_2.c: 43: TMR1IF=0;
   748  0078  100C               	bcf	(96/8),(96)&7
   749  0079  287A               	goto	i1l907
   750                           	line	44
   751                           	
   752  007A                     i1l903:	
   753                           	line	45
   754                           	
   755  007A                     i1l907:	
   756  007A  0873               	movf	(??_interrupts+3),w
   757  007B  00FF               	movwf	btemp+1
   758  007C  0872               	movf	(??_interrupts+2),w
   759  007D  008A               	movwf	pclath
   760  007E  0871               	movf	(??_interrupts+1),w
   761  007F  0084               	movwf	fsr0
   762  0080  0E70               	swapf	(??_interrupts+0)^0FFFFFF80h,w
   763  0081  0083               	movwf	status
   764  0082  0EFE               	swapf	saved_w,f
   765  0083  0E7E               	swapf	saved_w,w
   766  0084  0009               	retfie
   767                           	opt stack 0
   768                           GLOBAL	__end_of_interrupts
   769  0085                     	__end_of_interrupts:
   770 ;; =============== function _interrupts ends ============
   771                           
   772                           	signat	_interrupts,88
   773                           psect	text85,local,class=CODE,delta=2
   774                           global __ptext85
   775  0000                     __ptext85:
   776                           	global	btemp
   777  007E                     	btemp set 07Eh
   778                           
   779                           	DABS	1,126,2	;btemp
   780                           	global	wtemp0
   781  007E                     	wtemp0 set btemp


HI-TECH Software PICC Macro Assembler V9.83 build 10920 
Symbol Table                                                                                   Tue Nov 17 17:41:39 2015

                  _RD 0C60                    _WR 0C61                   l910 0093                   l913 0038  
                 l914 0049                   l915 0048                   l916 004A                   l917 004B  
                 l918 004B                   _GIE 005F                   _RA0 0028                   _RA4 002C  
                 fsr0 0004                  l3031 0017                  l3041 0026                  l3033 001A  
                l3051 003C                  l3043 0028                  l3035 001F                  l2165 0085  
                l3053 0042                  l3045 002B                  l3037 0020                  l3029 0013  
                l2167 0089                  l3055 0046                  l3047 002E                  l3039 0021  
                l2169 008A                  l3049 0038                  u2307 0032                  u2280 003C  
                u2281 003B                  u2290 0042                  u2291 0041                  _INTF 0059  
                _TMR1 000E                  _WREN 0C62                  u1_20 0051                  u1_21 0050  
                u2_20 0056                  u3_20 005D                  u3_21 005C                  u4_20 0061  
                u4_21 0060                  u5_20 0067                  u5_21 0066                  u6_20 006F  
                u6_21 006E       __end_of_T1_init 0094                  _flag 0079                  _cont 0077  
                _main 0013                  btemp 007E                  start 0011                 ?_main 0070  
               _EEADR 010D                 _CARRY 0018                 _ANSEL 011E                 _T1CON 0010  
               i1l901 0059                 i1l902 0057                 i1l903 007A                 i1l904 0073  
               i1l905 0069                 i1l906 0070                 i1l907 007A                 _PORTA 0005  
               _PORTB 0006                 _PORTC 0007                 _TRISA 0085                 _TRISB 0086  
               _TRISC 0087                 _testa 03B2        __pbitbssCOMMON 03B0                 pclath 000A  
               status 0003                 wtemp0 007E          __end_of_main 004D                ??_main 0074  
           ??_T1_init 0074                _EEDATA 010C                _EECON1 018C                _EECON2 018D  
              _ANSELH 011F                i1l2141 004D                i1l2151 0061                i1l2143 0051  
              i1l2161 0077                i1l2153 0067                i1l2145 0052                i1l2163 0078  
              i1l2155 0069                i1l2147 0056                i1l2157 006F                i1l2149 005D  
              i1l2159 0073                _INTEDG 040E                _INTCON 000B                _OSCCON 008F  
              _TMR1IE 0460                _TMR1IF 0060                _TMR1ON 0080                _enviar 0078  
              saved_w 007E        __pcstackCOMMON 0070            __pmaintext 0013            __pintentry 0004  
             _T1_init 0085               _bt_flag 03B0               _recebeu 03B1            _interrupts 004D  
end_of_initialization 0098   start_initialization 0094           ?_interrupts 0070           __pbssCOMMON 0077  
            ?_T1_init 0070   __size_of_interrupts 0038     interrupt_function 0004      __size_of_T1_init 000F  
        ??_interrupts 0070              __ptext82 0000              __ptext83 0085              __ptext84 004D  
            __ptext85 0000         __size_of_main 003A    __end_of_interrupts 0085              intlevel1 0000  
