HI-TECH Software C Compiler 

Linker command line:

--edf=C:\Program Files (x86)\HI-TECH Software\PICC\9.83\dat\en_msgs.txt -cs \
  -h+Dispositivo_1.sym -z -Q16F690 -ol.obj -MDispositivo_1.map -E1 \
  -ACONST=00h-0FFhx16 -ACODE=00h-07FFhx2 -ASTRCODE=00h-0FFFh \
  -AENTRY=00h-0FFhx16 -ASTRING=00h-0FFhx16 -ABANK0=020h-06Fh \
  -ABANK1=0A0h-0EFh -ABANK2=0120h-016Fh \
  -ARAM=020h-06Fh,0A0h-0EFh,0120h-016Fh \
  -AABS1=020h-07Fh,0A0h-0EFh,0120h-016Fh -ACOMMON=070h-07Fh -ASFR0=00h-01Fh \
  -ASFR1=080h-09Fh -ASFR2=0100h-011Fh -ASFR3=0180h-01EFh \
  -preset_vec=00h,intentry=04h,init,end_init -ppowerup=CODE -pfunctab=CODE \
  -ACONFIG=02007h-02007h -pconfig=CONFIG -DCONFIG=2 -AIDLOC=02000h-02003h \
  -pidloc=IDLOC -DIDLOC=2 -AEEDATA=00h-0FFh/02100h -peeprom_data=EEDATA \
  -DEEDATA=2 -DCODE=2 -DSTRCODE=2 -DSTRING=2 -DCONST=2 -DENTRY=2 -k \
  startup.obj Dispositivo_1.obj 

Object code version is 3.10

Machine type is 16F690



                Name                               Link     Load   Length Selector   Space Scale
startup.obj     end_init                             11       11        2        8       0
                reset_vec                             0        0        2        0       0
Dispositivo_1.obj
                intentry                              4        4        D        8       0
                config                             2007     2007        1     400E       0
                text523                             20A      20A       4E        8       0
                text522                             2A2      2A2       44        8       0
                text521                             411      411        8      760       0
                text520                             33E      33E       29        8       0
                text519                             3FF      3FF        A      760       0
                text518                             3C3      3C3       11      760       0
                text517                             1BA      1BA       50        8       0
                text516                             419      419        6      760       0
                text515                              13       13       DA        8       0
                text514                              ED       ED       78        8       0
                text513                             2E6      2E6       2D        8       0
                text512                             3E4      3E4        F      760       0
                text511                             3D4      3D4       10      760       0
                text510                             385      385       17        8       0
                text509                             409      409        8      760       0
                text508                             367      367       1E        8       0
                text507                             313      313       2B        8       0
                text506                             3B0      3B0       13      760       0
                text505                             165      165       55        8       0
                maintext                            258      258       4A        8       0
                cstackBANK0                          20       20       1D       20       1
                cstackCOMMON                         70       70        E       70       1
                bitbssBANK1                         500       A0        3       A0       1     8
                bssBANK0                             3D       3D        6       20       1
                cinit                               3F3      3F3        C      760       0
                strings                             39C      39C       14      738       0

TOTAL           Name                               Link     Load   Length     Space
        CLASS   CONST          

        CLASS   CODE           
                end_init                             11       11        2         0
                intentry                              4        4        D         0
                reset_vec                             0        0        2         0
                text523                             20A      20A       4E         0
                text522                             2A2      2A2       44         0
                text521                             411      411        8         0
                text520                             33E      33E       29         0
                text519                             3FF      3FF        A         0
                text518                             3C3      3C3       11         0
                text517                             1BA      1BA       50         0
                text516                             419      419        6         0
                text515                              13       13       DA         0
                text514                              ED       ED       78         0
                text513                             2E6      2E6       2D         0
                text512                             3E4      3E4        F         0
                text511                             3D4      3D4       10         0
                text510                             385      385       17         0
                text509                             409      409        8         0
                text508                             367      367       1E         0
                text507                             313      313       2B         0
                text506                             3B0      3B0       13         0
                text505                             165      165       55         0
                maintext                            258      258       4A         0
                cinit                               3F3      3F3        C         0

        CLASS   STRCODE        

        CLASS   ENTRY          

        CLASS   STRING         
                strings                             39C      39C       14         0

        CLASS   BANK0          
                cstackBANK0                          20       20       1D         1
                bssBANK0                             3D       3D        6         1

        CLASS   BANK1          
                bitbssBANK1                         500       A0        3         1

        CLASS   BANK2          

        CLASS   RAM            

        CLASS   ABS1           
                abs_s1                               7E       7E        2         1

        CLASS   COMMON         
                cstackCOMMON                         70       70        E         1

        CLASS   SFR0           

        CLASS   SFR1           

        CLASS   SFR2           

        CLASS   SFR3           

        CLASS   CONFIG         
                config                             2007     2007        1         0

        CLASS   IDLOC          

        CLASS   EEDATA         

        CLASS   BANK3          



SEGMENTS        Name                           Load    Length   Top    Selector   Space  Class     Delta

                reset_vec                      000000  000002  000002         0       0  CODE        2
                intentry                       000004  000398  00039C         8       0  CODE        2
                cstackBANK0                    000020  000023  000043        20       1  BANK0       1
                cstackCOMMON                   000070  00000E  00007E        70       1  COMMON      1
                bitbssBANK1                    0000A0  000001  0000A1        A0       1  BANK1       1
                strings                        00039C  000014  0003B0       738       0  STRING      2
                text506                        0003B0  00006F  00041F       760       0  CODE        2
                config                         002007  000001  002008      400E       0  CONFIG      2


UNUSED ADDRESS RANGES

        Name                Unused          Largest block    Delta
        BANK0            0043-006F             2D           1
        BANK1            00A1-00EF             4F           1
        BANK2            0120-016F             50           1
        CODE             0002-0003              2           2
                         041F-0FFF            3E1
        CONST            0002-0003              2           2
                         041F-0FFF            100
        EEDATA           2100-21FF            100           2
        ENTRY            0002-0003              2           2
                         041F-0FFF            100
        IDLOC            2000-2003              4           2
        RAM              0043-006F             2D           1
                         00A1-00EF             4F
                         0120-016F             50
        SFR0             0000-001F             20           1
        SFR1             0080-009F             20           1
        SFR2             0100-011F             20           1
        SFR3             0180-01EF             70           1
        STRCODE          0002-0003              2           2
                         041F-0FFF            BE1
        STRING           0002-0003              2           2
                         041F-0FFF            100

                                  Symbol Table

??_Clear              cstackBANK0  0037
??_Enable             cstackBANK0  0034
??_T1_init            cstackBANK0  0034
??_T2_init            cstackBANK0  0034
??_Write              cstackBANK0  0034
??___lwdiv            cstackCOMMON 0074
??___lwmod            cstackCOMMON 007C
??_interrupts         cstackBANK0  002E
??_lcd_goto           cstackCOMMON 0073
??_lcd_init           cstackBANK0  0039
??_lcd_putc           cstackCOMMON 0075
??_main               cstackBANK0  003B
??_printf             cstackBANK0  0022
??_protocol           cstackBANK0  0034
??_putch              cstackCOMMON 0076
??_send               cstackBANK0  0034
??_serial_init        cstackBANK0  0034
??i1_Clear            cstackCOMMON 0073
??i1_Enable           cstackCOMMON 0070
??i1_Write            cstackCOMMON 0070
?_Clear               cstackCOMMON 0070
?_Enable              cstackCOMMON 0070
?_T1_init             cstackCOMMON 0070
?_T2_init             cstackCOMMON 0070
?_Write               cstackCOMMON 0070
?___lwdiv             cstackCOMMON 0070
?___lwmod             cstackCOMMON 0078
?_interrupts          cstackCOMMON 0070
?_lcd_goto            cstackCOMMON 0070
?_lcd_init            cstackCOMMON 0070
?_lcd_putc            cstackCOMMON 0070
?_main                cstackCOMMON 0070
?_printf              cstackBANK0  0020
?_protocol            cstackCOMMON 0070
?_putch               cstackCOMMON 0070
?_send                cstackCOMMON 0070
?_serial_init         cstackCOMMON 0070
?i1_Clear             cstackCOMMON 0070
?i1_Enable            cstackCOMMON 0070
?i1_Write             cstackCOMMON 0070
Write@c               cstackBANK0  0036
_ANSEL                (abs)        011E
_ANSELH               (abs)        011F
_BRG16                (abs)        04DB
_BRGH                 (abs)        04C2
_CARRY                (abs)        0018
_CCP1CON              (abs)        0017
_CCPR1L               (abs)        0015
_CREN                 (abs)        00C4
_Clear                text506      03B0
_EEADR                (abs)        010D
_EECON1               (abs)        018C
_EECON2               (abs)        018D
_EEDATA               (abs)        010C
_Enable               text509      0409
_FERR                 (abs)        00C2
_GIE                  (abs)        005F
_INTCON               (abs)        000B
_INTEDG               (abs)        040E
_INTF                 (abs)        0059
_OERR                 (abs)        00C1
_OSCCON               (abs)        008F
_PEIE                 (abs)        005E
_PORTA                (abs)        0005
_PORTB                (abs)        0006
_PORTC                (abs)        0007
_PR2                  (abs)        0092
_RA4                  (abs)        002C
_RC6                  (abs)        003E
_RC7                  (abs)        003F
_RCIE                 (abs)        0465
_RCIF                 (abs)        0065
_RCREG                (abs)        001A
_RD                   (abs)        0C60
_RX9                  (abs)        00C6
_SPBRG                (abs)        0099
_SPBRGH               (abs)        009A
_SPEN                 (abs)        00C7
_SYNC                 (abs)        04C4
_T1CON                (abs)        0010
_T1_init              text512      03E4
_T2CON                (abs)        0012
_T2_init              text511      03D4
_TMR1                 (abs)        000E
_TMR1IE               (abs)        0460
_TMR1IF               (abs)        0060
_TMR1ON               (abs)        0080
_TMR2                 (abs)        0011
_TMR2ON               (abs)        0092
_TRISA                (abs)        0085
_TRISB                (abs)        0086
_TRISC                (abs)        0087
_TX9                  (abs)        04C6
_TXEN                 (abs)        04C5
_TXIE                 (abs)        0464
_WR                   (abs)        0C61
_WREN                 (abs)        0C62
_Write                text507      0313
__Habs1               abs1         0000
__Hbank0              bank0        0000
__Hbank1              bank1        0000
__Hbank2              bank2        0000
__Hbank3              bank3        0000
__HbitbssBANK1        bitbssBANK1  0000
__HbssBANK0           bssBANK0     0000
__Hcinit              cinit        0000
__Hclrtext            clrtext      0000
__Hcode               code         0000
__Hcommon             common       0000
__Hconfig             config       2008
__HcstackBANK0        cstackBANK0  0000
__HcstackCOMMON       cstackCOMMON 0000
__Heeprom_data        eeprom_data  0000
__Hend_init           end_init     0013
__Hfunctab            functab      0000
__Hidloc              idloc        0000
__Hinit               init         0011
__Hintentry           intentry     0011
__Hmaintext           maintext     0000
__Hpowerup            powerup      0000
__Hram                ram          0000
__Hreset_vec          reset_vec    0002
__Hsfr0               sfr0         0000
__Hsfr1               sfr1         0000
__Hsfr2               sfr2         0000
__Hsfr3               sfr3         0000
__Hstrings            strings      0000
__Htext               text         0000
__Labs1               abs1         0000
__Lbank0              bank0        0000
__Lbank1              bank1        0000
__Lbank2              bank2        0000
__Lbank3              bank3        0000
__LbitbssBANK1        bitbssBANK1  0000
__LbssBANK0           bssBANK0     0000
__Lcinit              cinit        0000
__Lclrtext            clrtext      0000
__Lcode               code         0000
__Lcommon             common       0000
__Lconfig             config       2007
__LcstackBANK0        cstackBANK0  0000
__LcstackCOMMON       cstackCOMMON 0000
__Leeprom_data        eeprom_data  0000
__Lend_init           end_init     0011
__Lfunctab            functab      0000
__Lidloc              idloc        0000
__Linit               init         0011
__Lintentry           intentry     0004
__Lmaintext           maintext     0000
__Lpowerup            powerup      0000
__Lram                ram          0000
__Lreset_vec          reset_vec    0000
__Lsfr0               sfr0         0000
__Lsfr1               sfr1         0000
__Lsfr2               sfr2         0000
__Lsfr3               sfr3         0000
__Lstrings            strings      0000
__Ltext               text         0000
__S0                  (abs)        2008
__S1                  (abs)        00A1
__S2                  (abs)        0000
___lwdiv              text523      020A
___lwdiv@counter      cstackCOMMON 0077
___lwdiv@dividend     cstackCOMMON 0072
___lwdiv@divisor      cstackCOMMON 0070
___lwdiv@quotient     cstackCOMMON 0075
___lwmod              text522      02A2
___lwmod@counter      cstackCOMMON 007D
___lwmod@dividend     cstackCOMMON 007A
___lwmod@divisor      cstackCOMMON 0078
__end_of_Clear        text506      03C3
__end_of_Enable       text509      0411
__end_of_T1_init      text512      03F3
__end_of_T2_init      text511      03E4
__end_of_Write        text507      033E
__end_of___lwdiv      text523      0258
__end_of___lwmod      text522      02E6
__end_of_interrupts   text514      0165
__end_of_lcd_goto     text519      0409
__end_of_lcd_init     text505      01BA
__end_of_lcd_putc     text517      020A
__end_of_main         maintext     02A2
__end_of_printf       text515      00ED
__end_of_protocol     text513      0313
__end_of_putch        text516      041F
__end_of_send         text508      0385
__end_of_serial_init  text510      039C
__end_ofi1_Clear      text518      03D4
__end_ofi1_Enable     text521      0419
__end_ofi1_Write      text520      0367
__pbitbssBANK1        bitbssBANK1  0500
__pbssBANK0           bssBANK0     003D
__pcstackBANK0        cstackBANK0  0020
__pcstackCOMMON       cstackCOMMON 0070
__pintentry           intentry     0004
__pmaintext           maintext     0258
__pstrings            strings      039C
__ptext505            text505      0165
__ptext506            text506      03B0
__ptext507            text507      0313
__ptext508            text508      0367
__ptext509            text509      0409
__ptext510            text510      0385
__ptext511            text511      03D4
__ptext512            text512      03E4
__ptext513            text513      02E6
__ptext514            text514      00ED
__ptext515            text515      0013
__ptext516            text516      0419
__ptext517            text517      01BA
__ptext518            text518      03C3
__ptext519            text519      03FF
__ptext520            text520      033E
__ptext521            text521      0411
__ptext522            text522      02A2
__ptext523            text523      020A
__ptext524            text524      0000
__size_of_Clear       (abs)        0000
__size_of_Enable      (abs)        0000
__size_of_T1_init     (abs)        0000
__size_of_T2_init     (abs)        0000
__size_of_Write       (abs)        0000
__size_of___lwdiv     (abs)        0000
__size_of___lwmod     (abs)        0000
__size_of_interrupts  (abs)        0000
__size_of_lcd_goto    (abs)        0000
__size_of_lcd_init    (abs)        0000
__size_of_lcd_putc    (abs)        0000
__size_of_main        (abs)        0000
__size_of_printf      (abs)        0000
__size_of_protocol    (abs)        0000
__size_of_putch       (abs)        0000
__size_of_send        (abs)        0000
__size_of_serial_init (abs)        0000
__size_ofi1_Clear     (abs)        0000
__size_ofi1_Enable    (abs)        0000
__size_ofi1_Write     (abs)        0000
_bt_flag              bitbssBANK1  0500
_cont                 bssBANK0     003D
_dado_rx              bssBANK0     003E
_dpowers              strings      03A2
_enviando             bssBANK0     003F
_enviar               bssBANK0     0040
_exit                 init         0011
_flag                 bssBANK0     0041
_interrupts           text514      00ED
_lcd_goto             text519      03FF
_lcd_init             text505      0165
_lcd_putc             text517      01BA
_lixo                 bssBANK0     0042
_main                 maintext     0258
_printf               text515      0013
_protocol             text513      02E6
_putch                text516      0419
_recebeu              bitbssBANK1  0501
_send                 text508      0367
_serial_init          text510      0385
_testa                bitbssBANK1  0502
btemp                 (abs)        007E
end_of_initialization cinit        03FC
i1Write@c             cstackCOMMON 0072
i1_Clear              text518      03C3
i1_Enable             text521      0411
i1_Write              text520      033E
interrupt_function    intentry     0004
intlevel0             functab      0000
intlevel1             functab      0000
intlevel2             functab      0000
intlevel3             functab      0000
intlevel4             functab      0000
intlevel5             functab      0000
lcd_goto@pos          cstackCOMMON 0073
lcd_putc@c            cstackCOMMON 0075
printf@_val           cstackBANK0  0029
printf@ap             cstackBANK0  0025
printf@c              cstackBANK0  002D
printf@f              cstackBANK0  0027
printf@flag           cstackBANK0  0026
printf@prec           cstackBANK0  0028
putch@c               cstackCOMMON 0076
reset_vec             reset_vec    0000
saved_w               (abs)        007E
start                 init         0011
start_initialization  cinit        03F3
wtemp0                (abs)        007E
